
 RUN  v1.6.1 C:/Users/hello/Projects/Resumier

 ✓ src/hooks/use-resume-store.test.ts  (9 tests) 19ms
 ✓ src/lib/validations/personal-info.test.ts  (21 tests) 22ms
 ✓ src/lib/validations/links.test.ts  (32 tests) 31ms
 ✓ src/stores/__tests__/auth-store.test.ts  (32 tests) 136ms
 ✓ src/lib/validations/skills.test.ts  (24 tests) 18ms
 ✓ src/lib/validations/certification.test.ts  (23 tests) 27ms
 ✓ src/lib/validations/education.test.ts  (25 tests) 22ms
 ✓ src/lib/validations/experience.test.ts  (26 tests) 24ms
 ✓ src/stores/__tests__/resume-store.test.ts  (63 tests) 478ms
 ✓ src/stores/__tests__/ui-store.test.ts  (18 tests) 136ms
 ✓ src/components/ui/separator.test.tsx  (22 tests) 311ms
 ✓ src/stores/__tests__/theme-store.test.ts  (15 tests) 94ms
 ✓ src/hooks/api/use-create-resume.test.tsx  (6 tests) 580ms
 ✓ src/hooks/api/use-resume.test.tsx  (8 tests) 603ms
 ✓ src/hooks/api/use-resumes.test.tsx  (9 tests) 665ms
 ✓ src/hooks/api/use-update-resume.test.tsx  (8 tests) 780ms
 ✓ src/hooks/api/use-delete-resume.test.tsx  (7 tests) 670ms
 ✓ src/hooks/api/use-duplicate-resume.test.tsx  (8 tests) 733ms
 ✓ src/components/ui/select.test.tsx  (18 tests) 1703ms
 ✓ src/components/ui/input.test.tsx  (23 tests) 1603ms
 ✓ src/components/ui/textarea.test.tsx  (22 tests) 2127ms
 ✓ src/components/ui/tabs.test.tsx  (12 tests) 3259ms
 ✓ src/components/ui/label.test.tsx  (14 tests) 168ms
 ✓ src/components/ui/checkbox.test.tsx  (25 tests) 3183ms
 ✓ src/__tests__/basic.test.ts  (1 test) 4ms
 ✓ src/components/ui/animated/slide-in.test.tsx  (11 tests) 119ms
 ✓ src/lib/utils.test.ts  (5 tests) 17ms
 ✓ src/components/ui/animated/fade-in.test.tsx  (7 tests) 101ms
 ✓ src/components/ui/animated/scale-in.test.tsx  (9 tests) 113ms
 ✓ src/components/ui/use-sidebar.test.tsx  (3 tests) 56ms
 ✓ src/simple.test.ts  (1 test) 4ms
 ✓ src/hooks/use-theme.test.ts  (6 tests) 66ms
 ✓ src/hooks/use-mobile.test.ts  (4 tests) 45ms
 ✓ src/components/ui/card.test.tsx  (7 tests) 126ms
 ✓ src/components/ui/animated/stagger-children.test.tsx  (10 tests) 109ms
 ✓ src/components/ui/animated/page-transition.test.tsx  (9 tests) 105ms
 ✓ src/components/ui/badge.test.tsx  (7 tests) 105ms
 ✓ src/components/ui/button.test.tsx  (6 tests) 109ms
 ✓ src/components/ui/form.test.tsx  (13 tests) 3873ms
 ✓ src/components/ui/dropdown-menu.test.tsx  (6 tests) 80ms
 ✓ src/components/ui/dialog.test.tsx  (15 tests) 2537ms
 ❯ src/components/features/resume/forms/__tests__/skills-form.test.tsx  (40 tests | 1 failed) 12753ms
   ❯ src/components/features/resume/forms/__tests__/skills-form.test.tsx > SkillsForm > Rendering > renders all skill category fields
     → Found a label with the text of: /technical skills/i, however no form control was found associated to that label. Make sure you're using the "for" attribute or "aria-labelledby" attribute correctly.

Ignored nodes: comments, script, style
[36m<body>[39m
  [36m<div>[39m
    [36m<div[39m
      [33mclass[39m=[32m"bg-card text-card-foreground flex flex-col gap-6 rounded-xl border py-6 shadow-sm"[39m
      [33mdata-slot[39m=[32m"card"[39m
    [36m>[39m
      [36m<div[39m
        [33mclass[39m=[32m"@container/card-header grid auto-rows-min grid-rows-[auto_auto] items-start gap-1.5 px-6 has-data-[slot=card-action]:grid-cols-[1fr_auto] [.border-b]:pb-6"[39m
        [33mdata-slot[39m=[32m"card-header"[39m
      [36m>[39m
        [36m<div[39m
          [33mclass[39m=[32m"leading-none font-semibold"[39m
          [33mdata-slot[39m=[32m"card-title"[39m
        [36m>[39m
          [0mSkills[0m
        [36m</div>[39m
        [36m<div[39m
          [33mclass[39m=[32m"text-muted-foreground text-sm"[39m
          [33mdata-slot[39m=[32m"card-description"[39m
        [36m>[39m
          [0mAdd your skills by category. Press Enter to add a skill, Backspace to remove the last one.[0m
        [36m</div>[39m
      [36m</div>[39m
      [36m<div[39m
        [33mclass[39m=[32m"px-6"[39m
        [33mdata-slot[39m=[32m"card-content"[39m
      [36m>[39m
        [36m<form[39m
          [33mclass[39m=[32m"space-y-6"[39m
        [36m>[39m
          [36m<div[39m
            [33mclass[39m=[32m"space-y-2"[39m
          [36m>[39m
            [36m<label[39m
              [33mclass[39m=[32m"flex items-center gap-2 text-sm leading-none font-medium select-none group-data-[disabled=true]:pointer-events-none group-data-[disabled=true]:opacity-50 peer-disabled:cursor-not-allowed peer-disabled:opacity-50"[39m
              [33mdata-slot[39m=[32m"label"[39m
              [33mfor[39m=[32m"_r_4_-form-item"[39m
            [36m>[39m
              [0mTechnical Skills[0m
            [36m</label>[39m
            [36m<div[39m
              [33mclass[39m=[32m"flex flex-wrap gap-2 rounded-md border border-input bg-background px-3 py-2 text-sm ring-offset-background focus-within:ring-2 focus-within:ring-ring focus-within:ring-offset-2"[39m
            [36m>[39m
              [36m<input[39m
                [33mclass[39m=[32m"file:text-foreground placeholder:text-muted-foreground selection:bg-primary selection:text-primary-foreground dark:bg-input/30 border-input flex h-9 w-full min-w-0 rounded-md bg-transparent text-base shadow-xs transition-[color,box-shadow] outline-none file:inline-flex file:h-7 file:border-0 file:bg-transparent file:text-sm file:font-medium disabled:pointer-events-none disabled:cursor-not-allowed disabled:opacity-50 md:text-sm focus-visible:border-ring focus-visible:ring-ring/50 aria-invalid:ring-destructive/20 dark:aria-invalid:ring-destructive/40 aria-invalid:border-destructive flex-1 border-0 p-0 focus-visible:ring-0 focus-visible:ring-offset-0"[39m
                [33mdata-slot[39m=[32m"input"[39m
                [33mplaceholder[39m=[32m"e.g., React, TypeScript, Node.js"[39m
                [33mvalue[39m=[32m""[39m
              [36m/>[39m
            [36m</div>[39m
            [36m<p[39m
              [33mclass[39m=[32m"text-sm text-muted-foreground"[39m
              [33mid[39m=[32m"_r_4_-form-item-description"[39m
            [36m>[39m
              [0mProgramming languages, frameworks, and technologies[0m
            [36m</p>[39m
          [36m</div>[39m
          [36m<div[39m
            [33mclass[39m=[32m"space-y-2"[39m
          [36m>[39m
            [36m<label[39m
              [33mclass[39m=[32m"flex items-center gap-2 text-sm leading-none font-medium select-none group-data-[disabled=true]:pointer-events-none group-data-[disabled=true]:opacity-50 peer-disabled:cursor-not-allowed peer-disabled:opacity-50"[39m
              [33mdata-slot[39m=[32m"label"[39m
              [33mfor[39m=[32m"_r_5_-form-item"[39m
            [36m>[39m
              [0mLanguages[0m
            [36m</label>[39m
            [36m<div[39m
              [33mclass[39m=[32m"flex flex-wrap gap-2 rounded-md border border-input bg-background px-3 py-2 text-sm ring-offset-background focus-within:ring-2 focus-within:ring-ring focus-within:ring-offset-2"[39m
            [36m>[39m
              [36m<input[39m
                [33mclass[39m=[32m"file:text-foreground placeholder:text-muted-foreground selection:bg-primary selection:text-primary-foreground dark:bg-input/30 border-input flex h-9 w-full min-w-0 rounded-md bg-transparent text-base shadow-xs transition-[color,box-shadow] outline-none file:inline-flex file:h-7 file:border-0 file:bg-transparent file:text-sm file:font-medium disabled:pointer-events-none disabled:cursor-not-allowed disabled:opacity-50 md:text-sm focus-visible:border-ring focus-visible:ring-ring/50 aria-invalid:ring-destructive/20 dark:aria-invalid:ring-destructive/40 aria-invalid:border-destructive flex-1 border-0 p-0 focus-visible:ring-0 focus-visible:ring-offset-0"[39m
                [33mdata-slot[39m=[32m"input"[39m
                [33mplaceholder[39m=[32m"e.g., English (Native), Spanish (Fluent)"[39m
                [33mvalue[39m=[32m""[39m
              [36m/>[39m
            [36m</div>[39m
            [36m<p[39m
              [33mclass[39m=[32m"text-sm text-muted-foreground"[39m
              [33mid[39m=[32m"_r_5_-form-item-description"[39m
            [36m>[39m
              [0mSpoken languages and proficiency levels[0m
            [36m</p>[39m
          [36m</div>[39m
          [36m<div[39m
            [33mclass[39m=[32m"space-y-2"[39m
          [36m>[39m
            [36m<label[39m
              [33mclass[39m=[32m"flex items-center gap-2 text-sm leading-none font-medium select-none group-data-[disabled=true]:pointer-events-none group-data-[disabled=true]:opacity-50 peer-disabled:cursor-not-allowed peer-disabled:opacity-50"[39m
              [33mdata-slot[39m=[32m"label"[39m
              [33mfor[39m=[32m"_r_6_-form-item"[39m
            [36m>[39m
              [0mTools & Software[0m
            [36m</label>[39m
            [36m<div[39m
              [33mclass[39m=[32m"flex flex-wrap gap-2 rounded-md border border-input bg-background px-3 py-2 text-sm ring-offset-background focus-within:ring-2 focus-within:ring-ring focus-within:ring-offset-2"[39m
            [36m>[39m
              [36m<input[39m
                [33mclass[39m=[32m"file:text-foreground placeholder:text-muted-foreground selection:bg-primary selection:text-primary-foreground dark:bg-input/30 border-input flex h-9 w-full min-w-0 rounded-md bg-transparent text-base shadow-xs transition-[color,box-shadow] outline-none file:inline-flex file:h-7 file:border-0 file:bg-transparent file:text-sm file:font-medium disabled:pointer-events-none disabled:cursor-not-allowed disabled:opacity-50 md:text-sm focus-visible:border-ring focus-visible:ring-ring/50 aria-invalid:ring-destructive/20 dark:aria-invalid:ring-destructive/40 aria-invalid:border-destructive flex-1 border-0 p-0 focus-visible:ring-0 focus-visible:ring-offset-0"[39m
                [33mdata-slot[39m=[32m"input"[39m
                [33mplaceholder[39m=[32m"e.g., Git, Docker, Figma"[39m
                [33mvalue[39m=[32m""[39m
              [36m/>[39m
            [36m</div>[39m
            [36m<p[39m
              [33mclass[39m=[32m"text-sm text-muted-foreground"[39m
              [33mid[39m=[32m"_r_6_-form-item-description"[39m
            [36m>[39m
              [0mDevelopment tools, software, and platforms[0m
            [36m</p>[39m
          [36m</div>[39m
          [36m<div[39m
            [33mclass[39m=[32m"space-y-2"[39m
          [36m>[39m
            [36m<label[39m
              [33mclass[39m=[32m"flex items-center gap-2 text-sm leading-none font-medium select-none group-data-[disabled=true]:pointer-events-none group-data-[disabled=true]:opacity-50 peer-disabled:cursor-not-allowed peer-disabled:opacity-50"[39m
              [33mdata-slot[39m=[32m"label"[39m
              [33mfor[39m=[32m"_r_7_-form-item"[39m
            [36m>[39m
              [0mSoft Skills[0m
            [36m</label>[39m
            [36m<div[39m
              [33mclass[39m=[32m"flex flex-wrap gap-2 rounded-md border border-input bg-background px-3 py-2 text-sm ring-offset-background focus-within:ring-2 focus-within:ring-ring focus-within:ring-offset-2"[39m
            [36m>[39m
              [36m<input[39m
                [33mclass[39m=[32m"file:text-foreground placeholder:text-muted-foreground selection:bg-primary selection:text-primary-foreground dark:bg-input/30 border-input flex h-9 w-full min-w-0 rounded-md bg-transparent text-base shadow-xs transition-[color,box-shadow] outline-none file:inline-flex file:h-7 file:border-0 file:bg-transparent file:text-sm file:font-medium disabled:pointer-events-none disabled:cursor-not-allowed disabled:opacity-50 md:text-sm focus-visible:border-ring focus-visible:ring-ring/50 aria-invalid:ring-destructive/20 dark:aria-invalid:ring-destructive/40 aria-invalid:border-destructive flex-1 border-0 p-0 focus-visible:ring-0 focus-visible:ring-offset-0"[39m
                [33mdata-slot[39m=[32m"input"[39m
                [33mplaceholder[39m=[32m"e.g., Leadership, Communication, Problem Solving"[39m
                [33mvalue[39m=[32m""[39m
              [36m/>[39m
            [36m</div>[39m
            [36m<p[39m
              [33mclass[39m=[32m"text-sm text-muted-foreground"[39m
              [33mid[39m=[32m"_r_7_-form-item-description"[39m
            [36m>[39m
              [0mInterpersonal and professional skills[0m
            [36m</p>[39m
          [36m</div>[39m
        [36m</form>[39m
      [36m</div>[39m
    [36m</div>[39m
  [36m</div>[39m
[36m</body>[39m
 ✓ src/components/features/resume/forms/__tests__/link-form-dialog.test.tsx  (36 tests) 11631ms
 ❯ src/components/features/resume/forms/__tests__/personal-info-form.test.tsx  (47 tests | 7 failed) 14666ms
   ❯ src/components/features/resume/forms/__tests__/personal-info-form.test.tsx > PersonalInfoForm > Form Interaction - Name Field > has correct input type
     → expect(element).toHaveAttribute("type", "text") // element.getAttribute("type") === "text"

Expected the element to have attribute:
  type="text"
Received:
  null
   ❯ src/components/features/resume/forms/__tests__/personal-info-form.test.tsx > PersonalInfoForm > Field Types > has correct input types for all fields
     → expect(element).toHaveAttribute("type", "text") // element.getAttribute("type") === "text"

Expected the element to have attribute:
  type="text"
Received:
  null
   ❯ src/components/features/resume/forms/__tests__/personal-info-form.test.tsx > PersonalInfoForm > Edge Cases > handles very long summary text
     → Test timed out in 5000ms.
If this is a long-running test, pass a timeout value as the last argument or configure it globally with "testTimeout".
   ❯ src/components/features/resume/forms/__tests__/personal-info-form.test.tsx > PersonalInfoForm > Edge Cases > handles special characters in name
     → expect(element).toHaveValue(José García-Martínez)

Expected the element to have value:
  José García-Martínez
Received:
  AJAoAsAéA AGAaArAcAíAaA-AMAaArAtAíAnAeAzAA
   ❯ src/components/features/resume/forms/__tests__/personal-info-form.test.tsx > PersonalInfoForm > Edge Cases > handles international phone formats
     → expect(element).toHaveValue(+44 20 7123 4567)

Expected the element to have value:
  +44 20 7123 4567
Received:
  A+A4A4A A2A0A A7A1A2A3A A4A5A6A7AA
   ❯ src/components/features/resume/forms/__tests__/personal-info-form.test.tsx > PersonalInfoForm > Edge Cases > handles international locations
     → expect(element).toHaveValue(Tokyo, Japan)

Expected the element to have value:
  Tokyo, Japan
Received:
  ATAoAkAyAoA,A AJAaApAaAnAA
   ❯ src/components/features/resume/forms/__tests__/personal-info-form.test.tsx > PersonalInfoForm > Edge Cases > handles clearing field values
     → expect(element).toHaveValue(Test Name)

Expected the element to have value:
  Test Name
Received:
  ATAeAsAtA ANAaAmAeAA
 ✓ src/components/features/resume/forms/__tests__/certification-form-dialog.test.tsx  (35 tests) 14148ms
 ✓ src/components/features/resume/forms/__tests__/experience-form-dialog.test.tsx  (34 tests) 15884ms
