$ vitest run

 RUN  v1.6.1 C:/Users/hello/Projects/Resumier

 ✓ src/hooks/use-resume-store.test.ts  (9 tests) 15ms
 ✓ src/stores/__tests__/auth-store.test.ts  (32 tests) 147ms
 ✓ src/lib/validations/experience.test.ts  (26 tests) 24ms
 ✓ src/lib/validations/skills.test.ts  (24 tests) 27ms
 ✓ src/lib/validations/education.test.ts  (25 tests) 29ms
 ✓ src/lib/validations/certification.test.ts  (23 tests) 31ms
 ✓ src/lib/validations/personal-info.test.ts  (21 tests) 32ms
 ✓ src/lib/validations/links.test.ts  (32 tests) 31ms
 ✓ src/stores/__tests__/resume-store.test.ts  (63 tests) 464ms
 ✓ src/stores/__tests__/ui-store.test.ts  (18 tests) 104ms
 ✓ src/stores/__tests__/theme-store.test.ts  (15 tests) 74ms
 ✓ src/components/ui/animated/stagger-children.test.tsx  (10 tests) 95ms
 ✓ src/components/ui/animated/slide-in.test.tsx  (11 tests) 105ms
 ✓ src/components/ui/animated/page-transition.test.tsx  (9 tests) 107ms
 ✓ src/components/ui/separator.test.tsx  (22 tests) 192ms
 ✓ src/components/ui/label.test.tsx  (14 tests) 170ms
stderr | src/hooks/api/use-delete-resume.test.tsx > useDeleteResume > mutation > handles API errors
Failed to delete resume: Error: Failed to delete resume
    at C:\Users\hello\Projects\Resumier\src\hooks\api\use-delete-resume.test.tsx:57:21
    at file:///C:/Users/hello/Projects/Resumier/node_modules/@vitest/runner/dist/index.js:135:14
    at file:///C:/Users/hello/Projects/Resumier/node_modules/@vitest/runner/dist/index.js:60:26
    at runTest (file:///C:/Users/hello/Projects/Resumier/node_modules/@vitest/runner/dist/index.js:781:17)
    at runSuite (file:///C:/Users/hello/Projects/Resumier/node_modules/@vitest/runner/dist/index.js:909:15)
    at runSuite (file:///C:/Users/hello/Projects/Resumier/node_modules/@vitest/runner/dist/index.js:909:15)
    at runSuite (file:///C:/Users/hello/Projects/Resumier/node_modules/@vitest/runner/dist/index.js:909:15)
    at runFiles (file:///C:/Users/hello/Projects/Resumier/node_modules/@vitest/runner/dist/index.js:958:5)
    at startTests (file:///C:/Users/hello/Projects/Resumier/node_modules/@vitest/runner/dist/index.js:967:3)
    at file:///C:/Users/hello/Projects/Resumier/node_modules/vitest/dist/chunks/runtime-runBaseTests.oAvMKtQC.js:116:7

stderr | src/hooks/api/use-update-resume.test.tsx > useUpdateResume > mutation > handles API errors
Failed to update resume: Error: Failed to update resume
    at C:\Users\hello\Projects\Resumier\src\hooks\api\use-update-resume.test.tsx:68:21
    at file:///C:/Users/hello/Projects/Resumier/node_modules/@vitest/runner/dist/index.js:135:14
    at file:///C:/Users/hello/Projects/Resumier/node_modules/@vitest/runner/dist/index.js:60:26
    at runTest (file:///C:/Users/hello/Projects/Resumier/node_modules/@vitest/runner/dist/index.js:781:17)
    at runSuite (file:///C:/Users/hello/Projects/Resumier/node_modules/@vitest/runner/dist/index.js:909:15)
    at runSuite (file:///C:/Users/hello/Projects/Resumier/node_modules/@vitest/runner/dist/index.js:909:15)
    at runSuite (file:///C:/Users/hello/Projects/Resumier/node_modules/@vitest/runner/dist/index.js:909:15)
    at runFiles (file:///C:/Users/hello/Projects/Resumier/node_modules/@vitest/runner/dist/index.js:958:5)
    at startTests (file:///C:/Users/hello/Projects/Resumier/node_modules/@vitest/runner/dist/index.js:967:3)
    at file:///C:/Users/hello/Projects/Resumier/node_modules/vitest/dist/chunks/runtime-runBaseTests.oAvMKtQC.js:116:7

stderr | src/hooks/api/use-delete-resume.test.tsx > useDeleteResume > mutation > rolls back on error
Failed to delete resume: Error: Delete failed
    at C:\Users\hello\Projects\Resumier\src\hooks\api\use-delete-resume.test.tsx:94:21
    at file:///C:/Users/hello/Projects/Resumier/node_modules/@vitest/runner/dist/index.js:135:14
    at file:///C:/Users/hello/Projects/Resumier/node_modules/@vitest/runner/dist/index.js:60:26
    at runTest (file:///C:/Users/hello/Projects/Resumier/node_modules/@vitest/runner/dist/index.js:781:17)
    at runSuite (file:///C:/Users/hello/Projects/Resumier/node_modules/@vitest/runner/dist/index.js:909:15)
    at runSuite (file:///C:/Users/hello/Projects/Resumier/node_modules/@vitest/runner/dist/index.js:909:15)
    at runSuite (file:///C:/Users/hello/Projects/Resumier/node_modules/@vitest/runner/dist/index.js:909:15)
    at runFiles (file:///C:/Users/hello/Projects/Resumier/node_modules/@vitest/runner/dist/index.js:958:5)
    at startTests (file:///C:/Users/hello/Projects/Resumier/node_modules/@vitest/runner/dist/index.js:967:3)
    at file:///C:/Users/hello/Projects/Resumier/node_modules/vitest/dist/chunks/runtime-runBaseTests.oAvMKtQC.js:116:7

stderr | src/hooks/api/use-update-resume.test.tsx > useUpdateResume > mutation > rolls back on error
Failed to update resume: Error: Update failed
    at C:\Users\hello\Projects\Resumier\src\hooks\api\use-update-resume.test.tsx:156:21
    at file:///C:/Users/hello/Projects/Resumier/node_modules/@vitest/runner/dist/index.js:135:14
    at file:///C:/Users/hello/Projects/Resumier/node_modules/@vitest/runner/dist/index.js:60:26
    at runTest (file:///C:/Users/hello/Projects/Resumier/node_modules/@vitest/runner/dist/index.js:781:17)
    at runSuite (file:///C:/Users/hello/Projects/Resumier/node_modules/@vitest/runner/dist/index.js:909:15)
    at runSuite (file:///C:/Users/hello/Projects/Resumier/node_modules/@vitest/runner/dist/index.js:909:15)
    at runSuite (file:///C:/Users/hello/Projects/Resumier/node_modules/@vitest/runner/dist/index.js:909:15)
    at runFiles (file:///C:/Users/hello/Projects/Resumier/node_modules/@vitest/runner/dist/index.js:958:5)
    at startTests (file:///C:/Users/hello/Projects/Resumier/node_modules/@vitest/runner/dist/index.js:967:3)
    at file:///C:/Users/hello/Projects/Resumier/node_modules/vitest/dist/chunks/runtime-runBaseTests.oAvMKtQC.js:116:7

 ✓ src/hooks/api/use-create-resume.test.tsx  (6 tests) 588ms
 ✓ src/hooks/api/use-resumes.test.tsx  (9 tests) 677ms
 ✓ src/hooks/api/use-delete-resume.test.tsx  (7 tests) 663ms
 ✓ src/hooks/api/use-duplicate-resume.test.tsx  (8 tests) 754ms
 ✓ src/hooks/api/use-resume.test.tsx  (8 tests) 591ms
 ✓ src/hooks/api/use-update-resume.test.tsx  (8 tests) 747ms
stderr | src/components/ui/tabs.test.tsx > Tabs > tab switching > switches tabs with keyboard navigation
An update to ForwardRef inside a test was not wrapped in act(...).

When testing, code that causes React state updates should be wrapped into act(...):

act(() => {
  /* fire events that update state */
});
/* assert on the output */

This ensures that you're testing the behavior the user would see in the browser. Learn more at https://react.dev/link/wrap-tests-with-act

 ✓ src/components/ui/select.test.tsx  (18 tests) 835ms
 ✓ src/components/ui/tabs.test.tsx  (12 tests) 1057ms
 ✓ src/components/ui/checkbox.test.tsx  (25 tests) 1020ms
stderr | src/components/ui/dialog.test.tsx > Dialog > rendering > shows content when opened
Warning: Missing `Description` or `aria-describedby={undefined}` for {DialogContent}.

stderr | src/components/ui/dialog.test.tsx > Dialog > dialog structure > renders DialogHeader
Warning: Missing `Description` or `aria-describedby={undefined}` for {DialogContent}.

 ✓ src/components/ui/input.test.tsx  (23 tests) 810ms
stderr | src/components/ui/dialog.test.tsx > Dialog > dialog structure > renders DialogFooter
Warning: Missing `Description` or `aria-describedby={undefined}` for {DialogContent}.

stderr | src/components/ui/dialog.test.tsx > Dialog > controlled dialog > works as controlled component
Warning: Missing `Description` or `aria-describedby={undefined}` for {DialogContent}.

stderr | src/components/ui/dialog.test.tsx > Dialog > controlled dialog > calls onOpenChange when trigger is clicked
Warning: Missing `Description` or `aria-describedby={undefined}` for {DialogContent}.

 ✓ src/components/ui/textarea.test.tsx  (22 tests) 1146ms
stderr | src/components/ui/dialog.test.tsx > Dialog > closing dialog > closes when Escape key is pressed
Warning: Missing `Description` or `aria-describedby={undefined}` for {DialogContent}.

stderr | src/components/ui/dialog.test.tsx > Dialog > closing dialog > closes when close button is clicked
Warning: Missing `Description` or `aria-describedby={undefined}` for {DialogContent}.

 ✓ src/__tests__/basic.test.ts  (1 test) 3ms
 ✓ src/lib/utils.test.ts  (5 tests) 14ms
 ✓ src/simple.test.ts  (1 test) 3ms
 ✓ src/components/ui/use-sidebar.test.tsx  (3 tests) 39ms
 ✓ src/components/ui/animated/scale-in.test.tsx  (9 tests) 78ms
 ✓ src/hooks/use-theme.test.ts  (6 tests) 66ms
stderr | src/components/ui/dialog.test.tsx > Dialog > accessibility > focuses dialog content when opened
Warning: Missing `Description` or `aria-describedby={undefined}` for {DialogContent}.

 ✓ src/components/ui/animated/fade-in.test.tsx  (7 tests) 76ms
stderr | src/components/ui/dialog.test.tsx > Dialog > accessibility > traps focus within dialog
Warning: Missing `Description` or `aria-describedby={undefined}` for {DialogContent}.

 ✓ src/hooks/use-mobile.test.ts  (4 tests) 37ms
stderr | src/components/ui/dialog.test.tsx > Dialog > custom content > renders custom children in content
Warning: Missing `Description` or `aria-describedby={undefined}` for {DialogContent}.

stderr | src/components/ui/dialog.test.tsx > Dialog > custom content > applies custom className to content
Warning: Missing `Description` or `aria-describedby={undefined}` for {DialogContent}.

 ✓ src/components/ui/button.test.tsx  (6 tests) 63ms
 ✓ src/components/ui/dialog.test.tsx  (15 tests) 1953ms
 ✓ src/components/ui/card.test.tsx  (7 tests) 66ms
 ✓ src/components/ui/badge.test.tsx  (7 tests) 81ms
 ✓ src/components/ui/dropdown-menu.test.tsx  (6 tests) 44ms
 ✓ src/components/ui/form.test.tsx  (13 tests) 2555ms
 ✓ src/components/features/resume/forms/__tests__/experience-form-dialog.test.tsx  (34 tests) 12781ms
 ❯ src/components/features/resume/forms/__tests__/education-form-dialog.test.tsx  (41 tests | 7 failed) 24188ms
   ❯ src/components/features/resume/forms/__tests__/education-form-dialog.test.tsx > EducationFormDialog > Form Submission > submits form with current study
     → expected "spy" to be called with arguments: [ ObjectContaining{…} ]

Received: 



Number of calls: 0


Ignored nodes: comments, script, style
[36m<html>[39m
  [36m<head />[39m
  [36m<body[39m
    [33mdata-scroll-locked[39m=[32m"1"[39m
    [33mstyle[39m=[32m"pointer-events: none;"[39m
  [36m>[39m
    [36m<span[39m
      [33maria-hidden[39m=[32m"true"[39m
      [33mdata-aria-hidden[39m=[32m"true"[39m
      [33mdata-radix-focus-guard[39m=[32m""[39m
      [33mstyle[39m=[32m"outline: none; opacity: 0; position: fixed; pointer-events: none;"[39m
      [33mtabindex[39m=[32m"0"[39m
    [36m/>[39m
    [36m<div[39m
      [33maria-hidden[39m=[32m"true"[39m
      [33mdata-aria-hidden[39m=[32m"true"[39m
    [36m/>[39m
    [36m<div[39m
      [33maria-hidden[39m=[32m"true"[39m
      [33mclass[39m=[32m"fixed inset-0 z-50 bg-black/50"[39m
      [33mdata-aria-hidden[39m=[32m"true"[39m
      [33mdata-slot[39m=[32m"dialog-overlay"[39m
      [33mdata-state[39m=[32m"open"[39m
      [33mstyle[39m=[32m"pointer-events: auto; opacity: 1;"[39m
    [36m/>[39m
    [36m<div[39m
      [33maria-describedby[39m=[32m"radix-_r_7b_"[39m
      [33maria-labelledby[39m=[32m"radix-_r_7a_"[39m
      [33mclass[39m=[32m"fixed top-[50%] left-[50%] z-50 grid w-full max-w-lg translate-x-[-50%] translate-y-[-50%] gap-4 border bg-background p-6 shadow-lg sm:rounded-lg max-h-[90vh] overflow-y-auto sm:max-w-[600px]"[39m
      [33mdata-slot[39m=[32m"dialog-content"[39m
      [33mdata-state[39m=[32m"open"[39m
      [33mid[39m=[32m"radix-_r_79_"[39m
      [33mrole[39m=[32m"dialog"[39m
      [33mstyle[39m=[32m"opacity: 1; transform: none; pointer-events: auto;"[39m
      [33mtabindex[39m=[32m"-1"[39m
    [36m>[39m
      [36m<div[39m
        [33mclass[39m=[32m"flex flex-col gap-2 text-center sm:text-left"[39m
        [33mdata-slot[39m=[32m"dialog-header"[39m
      [36m>[39m
        [36m<h2[39m
          [33mclass[39m=[32m"text-lg leading-none font-semibold"[39m
          [33mdata-slot[39m=[32m"dialog-title"[39m
          [33mid[39m=[32m"radix-_r_7a_"[39m
        [36m>[39m
          [0mAdd Education[0m
        [36m</h2>[39m
        [36m<p[39m
          [33mclass[39m=[32m"text-muted-foreground text-sm"[39m
          [33mdata-slot[39m=[32m"dialog-description"[39m
          [33mid[39m=[32m"radix-_r_7b_"[39m
        [36m>[39m
          [0mAdd your education details.[0m
        [36m</p>[39m
      [36m</div>[39m
      [36m<form[39m
        [33mclass[39m=[32m"space-y-4"[39m
      [36m>[39m
        [36m<div[39m
          [33mclass[39m=[32m"space-y-2"[39m
        [36m>[39m
          [36m<label[39m
            [33mclass[39m=[32m"flex items-center gap-2 text-sm leading-none font-medium select-none group-data-[disabled=true]:pointer-events-none group-data-[disabled=true]:opacity-50 peer-disabled:cursor-not-allowed peer-disabled:opacity-50"[39m
            [33mdata-slot[39m=[32m"label"[39m
            [33mfor[39m=[32m"_r_7c_-form-item"[39m
          [36m>[39m
            [0mInstitution[0m
          [36m</label>[39m
          [36m<input[39m
            [33maria-describedby[39m=[32m"_r_7c_-form-item-description"[39m
            [33maria-invalid[39m=[32m"false"[39m
            [33mclass[39m=[32m"file:text-foreground placeholder:text-muted-foreground selection:bg-primary selection:text-primary-foreground dark:bg-input/30 border-input flex h-9 w-full min-w-0 rounded-md border bg-transparent px-3 py-1 text-base shadow-xs transition-[color,box-shadow] outline-none file:inline-flex file:h-7 file:border-0 file:bg-transparent file:text-sm file:font-medium disabled:pointer-events-none disabled:cursor-not-allowed disabled:opacity-50 md:text-sm focus-visible:border-ring focus-visible:ring-ring/50 focus-visible:ring-[3px] aria-invalid:ring-destructive/20 dark:aria-invalid:ring-destructive/40 aria-invalid:border-destructive"[39m
            [33mdata-slot[39m=[32m"input"[39m
            [33mid[39m=[32m"_r_7c_-form-item"[39m
            [33mname[39m=[32m"institution"[39m
            [33mplaceholder[39m=[32m"University of Example"[39m
            [33mstyle[39m=[32m"transform: none;"[39m
            [33mvalue[39m=[32m"Stanford"[39m
          [36m/>[39m
        [36m</div>[39m
        [36m<div[39m
          [33mclass[39m=[32m"grid grid-cols-2 gap-4"[39m
        [36m>[39m
          [36m<div[39m
            [33mclass[39m=[32m"space-y-2"[39m
          [36m>[39m
            [36m<label[39m
              [33mclass[39m=[32m"flex items-center gap-2 text-sm leading-none font-medium select-none group-data-[disabled=true]:pointer-events-none group-data-[disabled=true]:opacity-50 peer-disabled:cursor-not-allowed peer-disabled:opacity-50"[39m
              [33mdata-slot[39m=[32m"label"[39m
              [33mfor[39m=[32m"_r_7d_-form-item"[39m
            [36m>[39m
              [0mDegree[0m
            [36m</label>[39m
            [36m<input[39m
              [33maria-describedby[39m=[32m"_r_7d_-form-item-description"[39m
              [33maria-invalid[39m=[32m"false"[39m
              [33mclass[39m=[32m"file:text-foreground placeholder:text-muted-foreground selection:bg-primary selection:text-primary-foreground dark:bg-input/30 border-input flex h-9 w-full min-w-0 rounded-md border bg-transparent px-3 py-1 text-base shadow-xs transition-[color,box-shadow] outline-none file:inline-flex file:h-7 file:border-0 file:bg-transparent file:text-sm file:font-medium disabled:pointer-events-none disabled:cursor-not-allowed disabled:opacity-50 md:text-sm focus-visible:border-ring focus-visible:ring-ring/50 focus-visible:ring-[3px] aria-invalid:ring-destructive/20 dark:aria-invalid:ring-destructive/40 aria-invalid:border-destructive"[39m
              [33mdata-slot[39m=[32m"input"[39m
              [33mid[39m=[32m"_r_7d_-form-item"[39m
              [33mname[39m=[32m"degree"[39m
              [33mplaceholder[39m=[32m"Bachelor of Science"[39m
              [33mstyle[39m=[32m"transform: none;"[39m
              [33mvalue[39m=[32m"Master of Science"[39m
            [36m/>[39m
          [36m</div>[39m
          [36m<div[39m
            [33mclass[39m=[32m"space-y-2"[39m
          [36m>[39m
            [36m<label[39m
              [33mclass[39m=[32m"flex items-center gap-2 text-sm leading-none font-medium select-none group-data-[disabled=true]:pointer-events-none group-data-[disabled=true]:opacity-50 peer-disabled:cursor-not-allowed peer-disabled:opacity-50"[39m
              [33mdata-slot[39m=[32m"label"[39m
              [33mfor[39m=[32m"_r_7e_-form-item"[39m
            [36m>[39m
              [0mField of Study[0m
            [36m</label>[39m
            [36m<input[39m
              [33maria-describedby[39m=[32m"_r_7e_-form-item-description"[39m
              [33maria-invalid[39m=[32m"false"[39m
              [33mclass[39m=[32m"file:text-foreground placeholder...
   ❯ src/components/features/resume/forms/__tests__/education-form-dialog.test.tsx > EducationFormDialog > Form Submission > submits form with honors
     → expected "spy" to be called with arguments: [ ObjectContaining{…} ]

Received: 



Number of calls: 0


Ignored nodes: comments, script, style
[36m<html>[39m
  [36m<head />[39m
  [36m<body[39m
    [33mdata-scroll-locked[39m=[32m"1"[39m
    [33mstyle[39m=[32m"pointer-events: none;"[39m
  [36m>[39m
    [36m<span[39m
      [33maria-hidden[39m=[32m"true"[39m
      [33mdata-aria-hidden[39m=[32m"true"[39m
      [33mdata-radix-focus-guard[39m=[32m""[39m
      [33mstyle[39m=[32m"outline: none; opacity: 0; position: fixed; pointer-events: none;"[39m
      [33mtabindex[39m=[32m"0"[39m
    [36m/>[39m
    [36m<div[39m
      [33maria-hidden[39m=[32m"true"[39m
      [33mdata-aria-hidden[39m=[32m"true"[39m
    [36m/>[39m
    [36m<div[39m
      [33maria-hidden[39m=[32m"true"[39m
      [33mclass[39m=[32m"fixed inset-0 z-50 bg-black/50"[39m
      [33mdata-aria-hidden[39m=[32m"true"[39m
      [33mdata-slot[39m=[32m"dialog-overlay"[39m
      [33mdata-state[39m=[32m"open"[39m
      [33mstyle[39m=[32m"pointer-events: auto; opacity: 1;"[39m
    [36m/>[39m
    [36m<div[39m
      [33maria-describedby[39m=[32m"radix-_r_7l_"[39m
      [33maria-labelledby[39m=[32m"radix-_r_7k_"[39m
      [33mclass[39m=[32m"fixed top-[50%] left-[50%] z-50 grid w-full max-w-lg translate-x-[-50%] translate-y-[-50%] gap-4 border bg-background p-6 shadow-lg sm:rounded-lg max-h-[90vh] overflow-y-auto sm:max-w-[600px]"[39m
      [33mdata-slot[39m=[32m"dialog-content"[39m
      [33mdata-state[39m=[32m"open"[39m
      [33mid[39m=[32m"radix-_r_7j_"[39m
      [33mrole[39m=[32m"dialog"[39m
      [33mstyle[39m=[32m"opacity: 1; transform: none; pointer-events: auto;"[39m
      [33mtabindex[39m=[32m"-1"[39m
    [36m>[39m
      [36m<div[39m
        [33mclass[39m=[32m"flex flex-col gap-2 text-center sm:text-left"[39m
        [33mdata-slot[39m=[32m"dialog-header"[39m
      [36m>[39m
        [36m<h2[39m
          [33mclass[39m=[32m"text-lg leading-none font-semibold"[39m
          [33mdata-slot[39m=[32m"dialog-title"[39m
          [33mid[39m=[32m"radix-_r_7k_"[39m
        [36m>[39m
          [0mAdd Education[0m
        [36m</h2>[39m
        [36m<p[39m
          [33mclass[39m=[32m"text-muted-foreground text-sm"[39m
          [33mdata-slot[39m=[32m"dialog-description"[39m
          [33mid[39m=[32m"radix-_r_7l_"[39m
        [36m>[39m
          [0mAdd your education details.[0m
        [36m</p>[39m
      [36m</div>[39m
      [36m<form[39m
        [33mclass[39m=[32m"space-y-4"[39m
      [36m>[39m
        [36m<div[39m
          [33mclass[39m=[32m"space-y-2"[39m
        [36m>[39m
          [36m<label[39m
            [33mclass[39m=[32m"flex items-center gap-2 text-sm leading-none font-medium select-none group-data-[disabled=true]:pointer-events-none group-data-[disabled=true]:opacity-50 peer-disabled:cursor-not-allowed peer-disabled:opacity-50"[39m
            [33mdata-slot[39m=[32m"label"[39m
            [33mfor[39m=[32m"_r_7m_-form-item"[39m
          [36m>[39m
            [0mInstitution[0m
          [36m</label>[39m
          [36m<input[39m
            [33maria-describedby[39m=[32m"_r_7m_-form-item-description"[39m
            [33maria-invalid[39m=[32m"false"[39m
            [33mclass[39m=[32m"file:text-foreground placeholder:text-muted-foreground selection:bg-primary selection:text-primary-foreground dark:bg-input/30 border-input flex h-9 w-full min-w-0 rounded-md border bg-transparent px-3 py-1 text-base shadow-xs transition-[color,box-shadow] outline-none file:inline-flex file:h-7 file:border-0 file:bg-transparent file:text-sm file:font-medium disabled:pointer-events-none disabled:cursor-not-allowed disabled:opacity-50 md:text-sm focus-visible:border-ring focus-visible:ring-ring/50 focus-visible:ring-[3px] aria-invalid:ring-destructive/20 dark:aria-invalid:ring-destructive/40 aria-invalid:border-destructive"[39m
            [33mdata-slot[39m=[32m"input"[39m
            [33mid[39m=[32m"_r_7m_-form-item"[39m
            [33mname[39m=[32m"institution"[39m
            [33mplaceholder[39m=[32m"University of Example"[39m
            [33mstyle[39m=[32m"transform: none;"[39m
            [33mvalue[39m=[32m"Harvard"[39m
          [36m/>[39m
        [36m</div>[39m
        [36m<div[39m
          [33mclass[39m=[32m"grid grid-cols-2 gap-4"[39m
        [36m>[39m
          [36m<div[39m
            [33mclass[39m=[32m"space-y-2"[39m
          [36m>[39m
            [36m<label[39m
              [33mclass[39m=[32m"flex items-center gap-2 text-sm leading-none font-medium select-none group-data-[disabled=true]:pointer-events-none group-data-[disabled=true]:opacity-50 peer-disabled:cursor-not-allowed peer-disabled:opacity-50"[39m
              [33mdata-slot[39m=[32m"label"[39m
              [33mfor[39m=[32m"_r_7n_-form-item"[39m
            [36m>[39m
              [0mDegree[0m
            [36m</label>[39m
            [36m<input[39m
              [33maria-describedby[39m=[32m"_r_7n_-form-item-description"[39m
              [33maria-invalid[39m=[32m"false"[39m
              [33mclass[39m=[32m"file:text-foreground placeholder:text-muted-foreground selection:bg-primary selection:text-primary-foreground dark:bg-input/30 border-input flex h-9 w-full min-w-0 rounded-md border bg-transparent px-3 py-1 text-base shadow-xs transition-[color,box-shadow] outline-none file:inline-flex file:h-7 file:border-0 file:bg-transparent file:text-sm file:font-medium disabled:pointer-events-none disabled:cursor-not-allowed disabled:opacity-50 md:text-sm focus-visible:border-ring focus-visible:ring-ring/50 focus-visible:ring-[3px] aria-invalid:ring-destructive/20 dark:aria-invalid:ring-destructive/40 aria-invalid:border-destructive"[39m
              [33mdata-slot[39m=[32m"input"[39m
              [33mid[39m=[32m"_r_7n_-form-item"[39m
              [33mname[39m=[32m"degree"[39m
              [33mplaceholder[39m=[32m"Bachelor of Science"[39m
              [33mstyle[39m=[32m"transform: none;"[39m
              [33mvalue[39m=[32m"PhD"[39m
            [36m/>[39m
          [36m</div>[39m
          [36m<div[39m
            [33mclass[39m=[32m"space-y-2"[39m
          [36m>[39m
            [36m<label[39m
              [33mclass[39m=[32m"flex items-center gap-2 text-sm leading-none font-medium select-none group-data-[disabled=true]:pointer-events-none group-data-[disabled=true]:opacity-50 peer-disabled:cursor-not-allowed peer-disabled:opacity-50"[39m
              [33mdata-slot[39m=[32m"label"[39m
              [33mfor[39m=[32m"_r_7o_-form-item"[39m
            [36m>[39m
              [0mField of Study[0m
            [36m</label>[39m
            [36m<input[39m
              [33maria-describedby[39m=[32m"_r_7o_-form-item-description"[39m
              [33maria-invalid[39m=[32m"false"[39m
              [33mclass[39m=[32m"file:text-foreground placeholder:text-muted-for...
   ❯ src/components/features/resume/forms/__tests__/education-form-dialog.test.tsx > EducationFormDialog > Form Submission > filters out empty honors on submit
     → expected "spy" to be called with arguments: [ ObjectContaining{…} ]

Received: 



Number of calls: 0


Ignored nodes: comments, script, style
[36m<html>[39m
  [36m<head />[39m
  [36m<body[39m
    [33mdata-scroll-locked[39m=[32m"1"[39m
    [33mstyle[39m=[32m"pointer-events: none;"[39m
  [36m>[39m
    [36m<span[39m
      [33maria-hidden[39m=[32m"true"[39m
      [33mdata-aria-hidden[39m=[32m"true"[39m
      [33mdata-radix-focus-guard[39m=[32m""[39m
      [33mstyle[39m=[32m"outline: none; opacity: 0; position: fixed; pointer-events: none;"[39m
      [33mtabindex[39m=[32m"0"[39m
    [36m/>[39m
    [36m<div[39m
      [33maria-hidden[39m=[32m"true"[39m
      [33mdata-aria-hidden[39m=[32m"true"[39m
    [36m/>[39m
    [36m<div[39m
      [33maria-hidden[39m=[32m"true"[39m
      [33mclass[39m=[32m"fixed inset-0 z-50 bg-black/50"[39m
      [33mdata-aria-hidden[39m=[32m"true"[39m
      [33mdata-slot[39m=[32m"dialog-overlay"[39m
      [33mdata-state[39m=[32m"open"[39m
      [33mstyle[39m=[32m"pointer-events: auto; opacity: 1;"[39m
    [36m/>[39m
    [36m<div[39m
      [33maria-describedby[39m=[32m"radix-_r_7v_"[39m
      [33maria-labelledby[39m=[32m"radix-_r_7u_"[39m
      [33mclass[39m=[32m"fixed top-[50%] left-[50%] z-50 grid w-full max-w-lg translate-x-[-50%] translate-y-[-50%] gap-4 border bg-background p-6 shadow-lg sm:rounded-lg max-h-[90vh] overflow-y-auto sm:max-w-[600px]"[39m
      [33mdata-slot[39m=[32m"dialog-content"[39m
      [33mdata-state[39m=[32m"open"[39m
      [33mid[39m=[32m"radix-_r_7t_"[39m
      [33mrole[39m=[32m"dialog"[39m
      [33mstyle[39m=[32m"opacity: 1; transform: none; pointer-events: auto;"[39m
      [33mtabindex[39m=[32m"-1"[39m
    [36m>[39m
      [36m<div[39m
        [33mclass[39m=[32m"flex flex-col gap-2 text-center sm:text-left"[39m
        [33mdata-slot[39m=[32m"dialog-header"[39m
      [36m>[39m
        [36m<h2[39m
          [33mclass[39m=[32m"text-lg leading-none font-semibold"[39m
          [33mdata-slot[39m=[32m"dialog-title"[39m
          [33mid[39m=[32m"radix-_r_7u_"[39m
        [36m>[39m
          [0mAdd Education[0m
        [36m</h2>[39m
        [36m<p[39m
          [33mclass[39m=[32m"text-muted-foreground text-sm"[39m
          [33mdata-slot[39m=[32m"dialog-description"[39m
          [33mid[39m=[32m"radix-_r_7v_"[39m
        [36m>[39m
          [0mAdd your education details.[0m
        [36m</p>[39m
      [36m</div>[39m
      [36m<form[39m
        [33mclass[39m=[32m"space-y-4"[39m
      [36m>[39m
        [36m<div[39m
          [33mclass[39m=[32m"space-y-2"[39m
        [36m>[39m
          [36m<label[39m
            [33mclass[39m=[32m"flex items-center gap-2 text-sm leading-none font-medium select-none group-data-[disabled=true]:pointer-events-none group-data-[disabled=true]:opacity-50 peer-disabled:cursor-not-allowed peer-disabled:opacity-50"[39m
            [33mdata-slot[39m=[32m"label"[39m
            [33mfor[39m=[32m"_r_80_-form-item"[39m
          [36m>[39m
            [0mInstitution[0m
          [36m</label>[39m
          [36m<input[39m
            [33maria-describedby[39m=[32m"_r_80_-form-item-description"[39m
            [33maria-invalid[39m=[32m"false"[39m
            [33mclass[39m=[32m"file:text-foreground placeholder:text-muted-foreground selection:bg-primary selection:text-primary-foreground dark:bg-input/30 border-input flex h-9 w-full min-w-0 rounded-md border bg-transparent px-3 py-1 text-base shadow-xs transition-[color,box-shadow] outline-none file:inline-flex file:h-7 file:border-0 file:bg-transparent file:text-sm file:font-medium disabled:pointer-events-none disabled:cursor-not-allowed disabled:opacity-50 md:text-sm focus-visible:border-ring focus-visible:ring-ring/50 focus-visible:ring-[3px] aria-invalid:ring-destructive/20 dark:aria-invalid:ring-destructive/40 aria-invalid:border-destructive"[39m
            [33mdata-slot[39m=[32m"input"[39m
            [33mid[39m=[32m"_r_80_-form-item"[39m
            [33mname[39m=[32m"institution"[39m
            [33mplaceholder[39m=[32m"University of Example"[39m
            [33mstyle[39m=[32m"transform: none;"[39m
            [33mvalue[39m=[32m"Test U"[39m
          [36m/>[39m
        [36m</div>[39m
        [36m<div[39m
          [33mclass[39m=[32m"grid grid-cols-2 gap-4"[39m
        [36m>[39m
          [36m<div[39m
            [33mclass[39m=[32m"space-y-2"[39m
          [36m>[39m
            [36m<label[39m
              [33mclass[39m=[32m"flex items-center gap-2 text-sm leading-none font-medium select-none group-data-[disabled=true]:pointer-events-none group-data-[disabled=true]:opacity-50 peer-disabled:cursor-not-allowed peer-disabled:opacity-50"[39m
              [33mdata-slot[39m=[32m"label"[39m
              [33mfor[39m=[32m"_r_81_-form-item"[39m
            [36m>[39m
              [0mDegree[0m
            [36m</label>[39m
            [36m<input[39m
              [33maria-describedby[39m=[32m"_r_81_-form-item-description"[39m
              [33maria-invalid[39m=[32m"false"[39m
              [33mclass[39m=[32m"file:text-foreground placeholder:text-muted-foreground selection:bg-primary selection:text-primary-foreground dark:bg-input/30 border-input flex h-9 w-full min-w-0 rounded-md border bg-transparent px-3 py-1 text-base shadow-xs transition-[color,box-shadow] outline-none file:inline-flex file:h-7 file:border-0 file:bg-transparent file:text-sm file:font-medium disabled:pointer-events-none disabled:cursor-not-allowed disabled:opacity-50 md:text-sm focus-visible:border-ring focus-visible:ring-ring/50 focus-visible:ring-[3px] aria-invalid:ring-destructive/20 dark:aria-invalid:ring-destructive/40 aria-invalid:border-destructive"[39m
              [33mdata-slot[39m=[32m"input"[39m
              [33mid[39m=[32m"_r_81_-form-item"[39m
              [33mname[39m=[32m"degree"[39m
              [33mplaceholder[39m=[32m"Bachelor of Science"[39m
              [33mstyle[39m=[32m"transform: none;"[39m
              [33mvalue[39m=[32m"BS"[39m
            [36m/>[39m
          [36m</div>[39m
          [36m<div[39m
            [33mclass[39m=[32m"space-y-2"[39m
          [36m>[39m
            [36m<label[39m
              [33mclass[39m=[32m"flex items-center gap-2 text-sm leading-none font-medium select-none group-data-[disabled=true]:pointer-events-none group-data-[disabled=true]:opacity-50 peer-disabled:cursor-not-allowed peer-disabled:opacity-50"[39m
              [33mdata-slot[39m=[32m"label"[39m
              [33mfor[39m=[32m"_r_82_-form-item"[39m
            [36m>[39m
              [0mField of Study[0m
            [36m</label>[39m
            [36m<input[39m
              [33maria-describedby[39m=[32m"_r_82_-form-item-description"[39m
              [33maria-invalid[39m=[32m"false"[39m
              [33mclass[39m=[32m"file:text-foreground placeholder:text-muted-foreg...
   ❯ src/components/features/resume/forms/__tests__/education-form-dialog.test.tsx > EducationFormDialog > Form Submission > closes dialog after successful submission
     → expected "spy" to be called with arguments: [ false ]

Received: 



Number of calls: 0


Ignored nodes: comments, script, style
[36m<html>[39m
  [36m<head />[39m
  [36m<body[39m
    [33mdata-scroll-locked[39m=[32m"1"[39m
    [33mstyle[39m=[32m"pointer-events: none;"[39m
  [36m>[39m
    [36m<span[39m
      [33maria-hidden[39m=[32m"true"[39m
      [33mdata-aria-hidden[39m=[32m"true"[39m
      [33mdata-radix-focus-guard[39m=[32m""[39m
      [33mstyle[39m=[32m"outline: none; opacity: 0; position: fixed; pointer-events: none;"[39m
      [33mtabindex[39m=[32m"0"[39m
    [36m/>[39m
    [36m<div[39m
      [33maria-hidden[39m=[32m"true"[39m
      [33mdata-aria-hidden[39m=[32m"true"[39m
    [36m/>[39m
    [36m<div[39m
      [33maria-hidden[39m=[32m"true"[39m
      [33mclass[39m=[32m"fixed inset-0 z-50 bg-black/50"[39m
      [33mdata-aria-hidden[39m=[32m"true"[39m
      [33mdata-slot[39m=[32m"dialog-overlay"[39m
      [33mdata-state[39m=[32m"open"[39m
      [33mstyle[39m=[32m"pointer-events: auto; opacity: 1;"[39m
    [36m/>[39m
    [36m<div[39m
      [33maria-describedby[39m=[32m"radix-_r_8j_"[39m
      [33maria-labelledby[39m=[32m"radix-_r_8i_"[39m
      [33mclass[39m=[32m"fixed top-[50%] left-[50%] z-50 grid w-full max-w-lg translate-x-[-50%] translate-y-[-50%] gap-4 border bg-background p-6 shadow-lg sm:rounded-lg max-h-[90vh] overflow-y-auto sm:max-w-[600px]"[39m
      [33mdata-slot[39m=[32m"dialog-content"[39m
      [33mdata-state[39m=[32m"open"[39m
      [33mid[39m=[32m"radix-_r_8h_"[39m
      [33mrole[39m=[32m"dialog"[39m
      [33mstyle[39m=[32m"opacity: 1; transform: none; pointer-events: auto;"[39m
      [33mtabindex[39m=[32m"-1"[39m
    [36m>[39m
      [36m<div[39m
        [33mclass[39m=[32m"flex flex-col gap-2 text-center sm:text-left"[39m
        [33mdata-slot[39m=[32m"dialog-header"[39m
      [36m>[39m
        [36m<h2[39m
          [33mclass[39m=[32m"text-lg leading-none font-semibold"[39m
          [33mdata-slot[39m=[32m"dialog-title"[39m
          [33mid[39m=[32m"radix-_r_8i_"[39m
        [36m>[39m
          [0mAdd Education[0m
        [36m</h2>[39m
        [36m<p[39m
          [33mclass[39m=[32m"text-muted-foreground text-sm"[39m
          [33mdata-slot[39m=[32m"dialog-description"[39m
          [33mid[39m=[32m"radix-_r_8j_"[39m
        [36m>[39m
          [0mAdd your education details.[0m
        [36m</p>[39m
      [36m</div>[39m
      [36m<form[39m
        [33mclass[39m=[32m"space-y-4"[39m
      [36m>[39m
        [36m<div[39m
          [33mclass[39m=[32m"space-y-2"[39m
        [36m>[39m
          [36m<label[39m
            [33mclass[39m=[32m"flex items-center gap-2 text-sm leading-none font-medium select-none group-data-[disabled=true]:pointer-events-none group-data-[disabled=true]:opacity-50 peer-disabled:cursor-not-allowed peer-disabled:opacity-50"[39m
            [33mdata-slot[39m=[32m"label"[39m
            [33mfor[39m=[32m"_r_8k_-form-item"[39m
          [36m>[39m
            [0mInstitution[0m
          [36m</label>[39m
          [36m<input[39m
            [33maria-describedby[39m=[32m"_r_8k_-form-item-description"[39m
            [33maria-invalid[39m=[32m"false"[39m
            [33mclass[39m=[32m"file:text-foreground placeholder:text-muted-foreground selection:bg-primary selection:text-primary-foreground dark:bg-input/30 border-input flex h-9 w-full min-w-0 rounded-md border bg-transparent px-3 py-1 text-base shadow-xs transition-[color,box-shadow] outline-none file:inline-flex file:h-7 file:border-0 file:bg-transparent file:text-sm file:font-medium disabled:pointer-events-none disabled:cursor-not-allowed disabled:opacity-50 md:text-sm focus-visible:border-ring focus-visible:ring-ring/50 focus-visible:ring-[3px] aria-invalid:ring-destructive/20 dark:aria-invalid:ring-destructive/40 aria-invalid:border-destructive"[39m
            [33mdata-slot[39m=[32m"input"[39m
            [33mid[39m=[32m"_r_8k_-form-item"[39m
            [33mname[39m=[32m"institution"[39m
            [33mplaceholder[39m=[32m"University of Example"[39m
            [33mstyle[39m=[32m"transform: none;"[39m
            [33mvalue[39m=[32m"Test"[39m
          [36m/>[39m
        [36m</div>[39m
        [36m<div[39m
          [33mclass[39m=[32m"grid grid-cols-2 gap-4"[39m
        [36m>[39m
          [36m<div[39m
            [33mclass[39m=[32m"space-y-2"[39m
          [36m>[39m
            [36m<label[39m
              [33mclass[39m=[32m"flex items-center gap-2 text-sm leading-none font-medium select-none group-data-[disabled=true]:pointer-events-none group-data-[disabled=true]:opacity-50 peer-disabled:cursor-not-allowed peer-disabled:opacity-50"[39m
              [33mdata-slot[39m=[32m"label"[39m
              [33mfor[39m=[32m"_r_8l_-form-item"[39m
            [36m>[39m
              [0mDegree[0m
            [36m</label>[39m
            [36m<input[39m
              [33maria-describedby[39m=[32m"_r_8l_-form-item-description"[39m
              [33maria-invalid[39m=[32m"false"[39m
              [33mclass[39m=[32m"file:text-foreground placeholder:text-muted-foreground selection:bg-primary selection:text-primary-foreground dark:bg-input/30 border-input flex h-9 w-full min-w-0 rounded-md border bg-transparent px-3 py-1 text-base shadow-xs transition-[color,box-shadow] outline-none file:inline-flex file:h-7 file:border-0 file:bg-transparent file:text-sm file:font-medium disabled:pointer-events-none disabled:cursor-not-allowed disabled:opacity-50 md:text-sm focus-visible:border-ring focus-visible:ring-ring/50 focus-visible:ring-[3px] aria-invalid:ring-destructive/20 dark:aria-invalid:ring-destructive/40 aria-invalid:border-destructive"[39m
              [33mdata-slot[39m=[32m"input"[39m
              [33mid[39m=[32m"_r_8l_-form-item"[39m
              [33mname[39m=[32m"degree"[39m
              [33mplaceholder[39m=[32m"Bachelor of Science"[39m
              [33mstyle[39m=[32m"transform: none;"[39m
              [33mvalue[39m=[32m"Degree"[39m
            [36m/>[39m
          [36m</div>[39m
          [36m<div[39m
            [33mclass[39m=[32m"space-y-2"[39m
          [36m>[39m
            [36m<label[39m
              [33mclass[39m=[32m"flex items-center gap-2 text-sm leading-none font-medium select-none group-data-[disabled=true]:pointer-events-none group-data-[disabled=true]:opacity-50 peer-disabled:cursor-not-allowed peer-disabled:opacity-50"[39m
              [33mdata-slot[39m=[32m"label"[39m
              [33mfor[39m=[32m"_r_8m_-form-item"[39m
            [36m>[39m
              [0mField of Study[0m
            [36m</label>[39m
            [36m<input[39m
              [33maria-describedby[39m=[32m"_r_8m_-form-item-description"[39m
              [33maria-invalid[39m=[32m"false"[39m
              [33mclass[39m=[32m"file:text-foreground placeholder:text-muted-for...
   ❯ src/components/features/resume/forms/__tests__/education-form-dialog.test.tsx > EducationFormDialog > Form Submission > resets form after submission
     → expect(element).toHaveValue()

Expected the element to have value:

Received:
  Test Institution

Ignored nodes: comments, script, style
[36m<html>[39m
  [36m<head />[39m
  [36m<body[39m
    [33mdata-scroll-locked[39m=[32m"1"[39m
    [33mstyle[39m=[32m"pointer-events: none;"[39m
  [36m>[39m
    [36m<span[39m
      [33maria-hidden[39m=[32m"true"[39m
      [33mdata-aria-hidden[39m=[32m"true"[39m
      [33mdata-radix-focus-guard[39m=[32m""[39m
      [33mstyle[39m=[32m"outline: none; opacity: 0; position: fixed; pointer-events: none;"[39m
      [33mtabindex[39m=[32m"0"[39m
    [36m/>[39m
    [36m<div[39m
      [33maria-hidden[39m=[32m"true"[39m
      [33mdata-aria-hidden[39m=[32m"true"[39m
    [36m/>[39m
    [36m<div[39m
      [33maria-hidden[39m=[32m"true"[39m
      [33mclass[39m=[32m"fixed inset-0 z-50 bg-black/50"[39m
      [33mdata-aria-hidden[39m=[32m"true"[39m
      [33mdata-slot[39m=[32m"dialog-overlay"[39m
      [33mdata-state[39m=[32m"open"[39m
      [33mstyle[39m=[32m"pointer-events: auto; opacity: 1;"[39m
    [36m/>[39m
    [36m<div[39m
      [33maria-describedby[39m=[32m"radix-_r_8t_"[39m
      [33maria-labelledby[39m=[32m"radix-_r_8s_"[39m
      [33mclass[39m=[32m"fixed top-[50%] left-[50%] z-50 grid w-full max-w-lg translate-x-[-50%] translate-y-[-50%] gap-4 border bg-background p-6 shadow-lg sm:rounded-lg max-h-[90vh] overflow-y-auto sm:max-w-[600px]"[39m
      [33mdata-slot[39m=[32m"dialog-content"[39m
      [33mdata-state[39m=[32m"open"[39m
      [33mid[39m=[32m"radix-_r_8r_"[39m
      [33mrole[39m=[32m"dialog"[39m
      [33mstyle[39m=[32m"opacity: 1; transform: none; pointer-events: auto;"[39m
      [33mtabindex[39m=[32m"-1"[39m
    [36m>[39m
      [36m<div[39m
        [33mclass[39m=[32m"flex flex-col gap-2 text-center sm:text-left"[39m
        [33mdata-slot[39m=[32m"dialog-header"[39m
      [36m>[39m
        [36m<h2[39m
          [33mclass[39m=[32m"text-lg leading-none font-semibold"[39m
          [33mdata-slot[39m=[32m"dialog-title"[39m
          [33mid[39m=[32m"radix-_r_8s_"[39m
        [36m>[39m
          [0mAdd Education[0m
        [36m</h2>[39m
        [36m<p[39m
          [33mclass[39m=[32m"text-muted-foreground text-sm"[39m
          [33mdata-slot[39m=[32m"dialog-description"[39m
          [33mid[39m=[32m"radix-_r_8t_"[39m
        [36m>[39m
          [0mAdd your education details.[0m
        [36m</p>[39m
      [36m</div>[39m
      [36m<form[39m
        [33mclass[39m=[32m"space-y-4"[39m
      [36m>[39m
        [36m<div[39m
          [33mclass[39m=[32m"space-y-2"[39m
        [36m>[39m
          [36m<label[39m
            [33mclass[39m=[32m"flex items-center gap-2 text-sm leading-none font-medium select-none group-data-[disabled=true]:pointer-events-none group-data-[disabled=true]:opacity-50 peer-disabled:cursor-not-allowed peer-disabled:opacity-50"[39m
            [33mdata-slot[39m=[32m"label"[39m
            [33mfor[39m=[32m"_r_8u_-form-item"[39m
          [36m>[39m
            [0mInstitution[0m
          [36m</label>[39m
          [36m<input[39m
            [33maria-describedby[39m=[32m"_r_8u_-form-item-description"[39m
            [33maria-invalid[39m=[32m"false"[39m
            [33mclass[39m=[32m"file:text-foreground placeholder:text-muted-foreground selection:bg-primary selection:text-primary-foreground dark:bg-input/30 border-input flex h-9 w-full min-w-0 rounded-md border bg-transparent px-3 py-1 text-base shadow-xs transition-[color,box-shadow] outline-none file:inline-flex file:h-7 file:border-0 file:bg-transparent file:text-sm file:font-medium disabled:pointer-events-none disabled:cursor-not-allowed disabled:opacity-50 md:text-sm focus-visible:border-ring focus-visible:ring-ring/50 focus-visible:ring-[3px] aria-invalid:ring-destructive/20 dark:aria-invalid:ring-destructive/40 aria-invalid:border-destructive"[39m
            [33mdata-slot[39m=[32m"input"[39m
            [33mid[39m=[32m"_r_8u_-form-item"[39m
            [33mname[39m=[32m"institution"[39m
            [33mplaceholder[39m=[32m"University of Example"[39m
            [33mstyle[39m=[32m"transform: none;"[39m
            [33mvalue[39m=[32m"Test Institution"[39m
          [36m/>[39m
        [36m</div>[39m
        [36m<div[39m
          [33mclass[39m=[32m"grid grid-cols-2 gap-4"[39m
        [36m>[39m
          [36m<div[39m
            [33mclass[39m=[32m"space-y-2"[39m
          [36m>[39m
            [36m<label[39m
              [33mclass[39m=[32m"flex items-center gap-2 text-sm leading-none font-medium select-none group-data-[disabled=true]:pointer-events-none group-data-[disabled=true]:opacity-50 peer-disabled:cursor-not-allowed peer-disabled:opacity-50"[39m
              [33mdata-slot[39m=[32m"label"[39m
              [33mfor[39m=[32m"_r_8v_-form-item"[39m
            [36m>[39m
              [0mDegree[0m
            [36m</label>[39m
            [36m<input[39m
              [33maria-describedby[39m=[32m"_r_8v_-form-item-description"[39m
              [33maria-invalid[39m=[32m"false"[39m
              [33mclass[39m=[32m"file:text-foreground placeholder:text-muted-foreground selection:bg-primary selection:text-primary-foreground dark:bg-input/30 border-input flex h-9 w-full min-w-0 rounded-md border bg-transparent px-3 py-1 text-base shadow-xs transition-[color,box-shadow] outline-none file:inline-flex file:h-7 file:border-0 file:bg-transparent file:text-sm file:font-medium disabled:pointer-events-none disabled:cursor-not-allowed disabled:opacity-50 md:text-sm focus-visible:border-ring focus-visible:ring-ring/50 focus-visible:ring-[3px] aria-invalid:ring-destructive/20 dark:aria-invalid:ring-destructive/40 aria-invalid:border-destructive"[39m
              [33mdata-slot[39m=[32m"input"[39m
              [33mid[39m=[32m"_r_8v_-form-item"[39m
              [33mname[39m=[32m"degree"[39m
              [33mplaceholder[39m=[32m"Bachelor of Science"[39m
              [33mstyle[39m=[32m"transform: none;"[39m
              [33mvalue[39m=[32m"Test Degree"[39m
            [36m/>[39m
          [36m</div>[39m
          [36m<div[39m
            [33mclass[39m=[32m"space-y-2"[39m
          [36m>[39m
            [36m<label[39m
              [33mclass[39m=[32m"flex items-center gap-2 text-sm leading-none font-medium select-none group-data-[disabled=true]:pointer-events-none group-data-[disabled=true]:opacity-50 peer-disabled:cursor-not-allowed peer-disabled:opacity-50"[39m
              [33mdata-slot[39m=[32m"label"[39m
              [33mfor[39m=[32m"_r_90_-form-item"[39m
            [36m>[39m
              [0mField of Study[0m
            [36m</label>[39m
            [36m<input[39m
              [33maria-describedby[39m=[32m"_r_90_-form-item-description"[39m
              [33maria-invalid[39m=[32m"false"[39m
              [33mclass[39m=[32m"file:text-foreground placehold...
   ❯ src/components/features/resume/forms/__tests__/education-form-dialog.test.tsx > EducationFormDialog > Form Submission > resets honors after submission
     → expect(element).not.toBeInTheDocument()

expected document not to contain element, found <input
  class="file:text-foreground placeholder:text-muted-foreground selection:bg-primary selection:text-primary-foreground dark:bg-input/30 border-input flex h-9 w-full min-w-0 rounded-md border bg-transparent px-3 py-1 text-base shadow-xs transition-[color,box-shadow] outline-none file:inline-flex file:h-7 file:border-0 file:bg-transparent file:text-sm file:font-medium disabled:pointer-events-none disabled:cursor-not-allowed disabled:opacity-50 md:text-sm focus-visible:border-ring focus-visible:ring-ring/50 focus-visible:ring-[3px] aria-invalid:ring-destructive/20 dark:aria-invalid:ring-destructive/40 aria-invalid:border-destructive"
  data-slot="input"
  placeholder="Dean's List, Summa Cum Laude..."
  value=""
/> instead

Ignored nodes: comments, script, style
[36m<html>[39m
  [36m<head />[39m
  [36m<body[39m
    [33mdata-scroll-locked[39m=[32m"1"[39m
    [33mstyle[39m=[32m"pointer-events: none;"[39m
  [36m>[39m
    [36m<span[39m
      [33maria-hidden[39m=[32m"true"[39m
      [33mdata-aria-hidden[39m=[32m"true"[39m
      [33mdata-radix-focus-guard[39m=[32m""[39m
      [33mstyle[39m=[32m"outline: none; opacity: 0; position: fixed; pointer-events: none;"[39m
      [33mtabindex[39m=[32m"0"[39m
    [36m/>[39m
    [36m<div[39m
      [33maria-hidden[39m=[32m"true"[39m
      [33mdata-aria-hidden[39m=[32m"true"[39m
    [36m/>[39m
    [36m<div[39m
      [33maria-hidden[39m=[32m"true"[39m
      [33mclass[39m=[32m"fixed inset-0 z-50 bg-black/50"[39m
      [33mdata-aria-hidden[39m=[32m"true"[39m
      [33mdata-slot[39m=[32m"dialog-overlay"[39m
      [33mdata-state[39m=[32m"open"[39m
      [33mstyle[39m=[32m"pointer-events: auto; opacity: 1;"[39m
    [36m/>[39m
    [36m<div[39m
      [33maria-describedby[39m=[32m"radix-_r_97_"[39m
      [33maria-labelledby[39m=[32m"radix-_r_96_"[39m
      [33mclass[39m=[32m"fixed top-[50%] left-[50%] z-50 grid w-full max-w-lg translate-x-[-50%] translate-y-[-50%] gap-4 border bg-background p-6 shadow-lg sm:rounded-lg max-h-[90vh] overflow-y-auto sm:max-w-[600px]"[39m
      [33mdata-slot[39m=[32m"dialog-content"[39m
      [33mdata-state[39m=[32m"open"[39m
      [33mid[39m=[32m"radix-_r_95_"[39m
      [33mrole[39m=[32m"dialog"[39m
      [33mstyle[39m=[32m"opacity: 1; transform: none; pointer-events: auto;"[39m
      [33mtabindex[39m=[32m"-1"[39m
    [36m>[39m
      [36m<div[39m
        [33mclass[39m=[32m"flex flex-col gap-2 text-center sm:text-left"[39m
        [33mdata-slot[39m=[32m"dialog-header"[39m
      [36m>[39m
        [36m<h2[39m
          [33mclass[39m=[32m"text-lg leading-none font-semibold"[39m
          [33mdata-slot[39m=[32m"dialog-title"[39m
          [33mid[39m=[32m"radix-_r_96_"[39m
        [36m>[39m
          [0mAdd Education[0m
        [36m</h2>[39m
        [36m<p[39m
          [33mclass[39m=[32m"text-muted-foreground text-sm"[39m
          [33mdata-slot[39m=[32m"dialog-description"[39m
          [33mid[39m=[32m"radix-_r_97_"[39m
        [36m>[39m
          [0mAdd your education details.[0m
        [36m</p>[39m
      [36m</div>[39m
      [36m<form[39m
        [33mclass[39m=[32m"space-y-4"[39m
      [36m>[39m
        [36m<div[39m
          [33mclass[39m=[32m"space-y-2"[39m
        [36m>[39m
          [36m<label[39m
            [33mclass[39m=[32m"flex items-center gap-2 text-sm leading-none font-medium select-none group-data-[disabled=true]:pointer-events-none group-data-[disabled=true]:opacity-50 peer-disabled:cursor-not-allowed peer-disabled:opacity-50"[39m
            [33mdata-slot[39m=[32m"label"[39m
            [33mfor[39m=[32m"_r_98_-form-item"[39m
          [36m>[39m
            [0mInstitution[0m
          [36m</label>[39m
          [36m<input[39m
            [33maria-describedby[39m=[32m"_r_98_-form-item-description"[39m
            [33maria-invalid[39m=[32m"false"[39m
            [33mclass[39m=[32m"file:text-foreground placeholder:text-muted-foreground selection:bg-primary selection:text-primary-foreground dark:bg-input/30 border-input flex h-9 w-full min-w-0 rounded-md border bg-transparent px-3 py-1 text-base shadow-xs transition-[color,box-shadow] outline-none file:inline-flex file:h-7 file:border-0 file:bg-transparent file:text-sm file:font-medium disabled:pointer-events-none disabled:cursor-not-allowed disabled:opacity-50 md:text-sm focus-visible:border-ring focus-visible:ring-ring/50 focus-visible:ring-[3px] aria-invalid:ring-destructive/20 dark:aria-invalid:ring-destructive/40 aria-invalid:border-destructive"[39m
            [33mdata-slot[39m=[32m"input"[39m
            [33mid[39m=[32m"_r_98_-form-item"[39m
            [33mname[39m=[32m"institution"[39m
            [33mplaceholder[39m=[32m"University of Example"[39m
            [33mstyle[39m=[32m"transform: none;"[39m
            [33mvalue[39m=[32m"Test"[39m
          [36m/>[39m
        [36m</div>[39m
        [36m<div[39m
          [33mclass[39m=[32m"grid grid-cols-2 gap-4"[39m
        [36m>[39m
          [36m<div[39m
            [33mclass[39m=[32m"space-y-2"[39m
          [36m>[39m
            [36m<label[39m
              [33mclass[39m=[32m"flex items-center gap-2 text-sm leading-none font-medium select-none group-data-[disabled=true]:pointer-events-none group-data-[disabled=true]:opacity-50 peer-disabled:cursor-not-allowed peer-disabled:opacity-50"[39m
              [33mdata-slot[39m=[32m"label"[39m
              [33mfor[39m=[32m"_r_99_-form-item"[39m
            [36m>[39m
              [0mDegree[0m
            [36m</label>[39m
            [36m<input[39m
              [33maria-describedby[39m=[32m"_r_99_-form-item-description"[39m
              [33maria-invalid[39m=[32m"false"[39m
              [33mclass[39m=[32m"file:text-foreground placeholder:text-muted-foreground selection:bg-primary selection:text-primary-foreground dark:bg-input/30 border-input flex h-9 w-full min-w-0 rounded-md border bg-transparent px-3 py-1 text-base shadow-xs transition-[color,box-shadow] outline-none file:inline-flex file:h-7 file:border-0 file:bg-transparent file:text-sm file:font-medium disabled:pointer-events-none disabled:cursor-not-allowed disabled:opacity-50 md:text-sm focus-visible:border-ring focus-visible:ring-ring/50 focus-visible:ring-[3px] aria-invalid:ring-destructive/20 dark:aria-invalid:ring-destructive/40 aria-invalid:border-destructive"[39m
              [33mdata-slot[39m=[32m"input"[39m
              [33mid[39m=[32m"_r_99_-form-item"[39m
              [33mname[39m=[32m"degree"[39m
              [33mplaceholder[39m=[32m"Bachelor of Science"[39m
              [33mstyle[39m=[32m"transform: none;"[39m
              [33mvalue[39m=[32m"Degree"[39m
            [36m/>[39m
          [36m</div>[39m
          [36m<div[39m
            [33mclass[39m=[32m"space-y-2"[39m
          [36m>[39m
            [36m<label[39m
              [33mclass[39m=[32m"flex items-center gap-2 text-sm leading-none font-medium select-none group-data-[disabled=true]:pointer-events-none group-data-[disabled=true]:opacity-50 peer-disabled:cursor-not-allowed peer-disabled:opacity-50"[39m
              [33mdata-slot[39m=[32m"label"[39m
              [33mfor[39m=[32m"_r_9a_-form-item"[39m
            [36m>[39m
              [0mField of Study[0m
            [36m</label>[39m
            [36m<input[39m
              [33maria-describedby[39m=[32m"_r_9a_-form-item-description"[39m
              [33maria-invalid[39m=[32m"false"[39m
              [33mclass[39m=[32m"file:text-foreground placeholder:text-muted-for...
   ❯ src/components/features/resume/forms/__tests__/education-form-dialog.test.tsx > EducationFormDialog > GPA Field > accepts valid GPA format
     → expected "spy" to be called with arguments: [ ObjectContaining {"gpa": "3.8/4.0"} ]

Received: 



Number of calls: 0


Ignored nodes: comments, script, style
[36m<html>[39m
  [36m<head />[39m
  [36m<body[39m
    [33mdata-scroll-locked[39m=[32m"1"[39m
    [33mstyle[39m=[32m"pointer-events: none;"[39m
  [36m>[39m
    [36m<span[39m
      [33maria-hidden[39m=[32m"true"[39m
      [33mdata-aria-hidden[39m=[32m"true"[39m
      [33mdata-radix-focus-guard[39m=[32m""[39m
      [33mstyle[39m=[32m"outline: none; opacity: 0; position: fixed; pointer-events: none;"[39m
      [33mtabindex[39m=[32m"0"[39m
    [36m/>[39m
    [36m<div[39m
      [33maria-hidden[39m=[32m"true"[39m
      [33mdata-aria-hidden[39m=[32m"true"[39m
    [36m/>[39m
    [36m<div[39m
      [33maria-hidden[39m=[32m"true"[39m
      [33mclass[39m=[32m"fixed inset-0 z-50 bg-black/50"[39m
      [33mdata-aria-hidden[39m=[32m"true"[39m
      [33mdata-slot[39m=[32m"dialog-overlay"[39m
      [33mdata-state[39m=[32m"open"[39m
      [33mstyle[39m=[32m"pointer-events: auto; opacity: 1;"[39m
    [36m/>[39m
    [36m<div[39m
      [33maria-describedby[39m=[32m"radix-_r_c1_"[39m
      [33maria-labelledby[39m=[32m"radix-_r_c0_"[39m
      [33mclass[39m=[32m"fixed top-[50%] left-[50%] z-50 grid w-full max-w-lg translate-x-[-50%] translate-y-[-50%] gap-4 border bg-background p-6 shadow-lg sm:rounded-lg max-h-[90vh] overflow-y-auto sm:max-w-[600px]"[39m
      [33mdata-slot[39m=[32m"dialog-content"[39m
      [33mdata-state[39m=[32m"open"[39m
      [33mid[39m=[32m"radix-_r_bv_"[39m
      [33mrole[39m=[32m"dialog"[39m
      [33mstyle[39m=[32m"opacity: 1; transform: none; pointer-events: auto;"[39m
      [33mtabindex[39m=[32m"-1"[39m
    [36m>[39m
      [36m<div[39m
        [33mclass[39m=[32m"flex flex-col gap-2 text-center sm:text-left"[39m
        [33mdata-slot[39m=[32m"dialog-header"[39m
      [36m>[39m
        [36m<h2[39m
          [33mclass[39m=[32m"text-lg leading-none font-semibold"[39m
          [33mdata-slot[39m=[32m"dialog-title"[39m
          [33mid[39m=[32m"radix-_r_c0_"[39m
        [36m>[39m
          [0mAdd Education[0m
        [36m</h2>[39m
        [36m<p[39m
          [33mclass[39m=[32m"text-muted-foreground text-sm"[39m
          [33mdata-slot[39m=[32m"dialog-description"[39m
          [33mid[39m=[32m"radix-_r_c1_"[39m
        [36m>[39m
          [0mAdd your education details.[0m
        [36m</p>[39m
      [36m</div>[39m
      [36m<form[39m
        [33mclass[39m=[32m"space-y-4"[39m
      [36m>[39m
        [36m<div[39m
          [33mclass[39m=[32m"space-y-2"[39m
        [36m>[39m
          [36m<label[39m
            [33mclass[39m=[32m"flex items-center gap-2 text-sm leading-none font-medium select-none group-data-[disabled=true]:pointer-events-none group-data-[disabled=true]:opacity-50 peer-disabled:cursor-not-allowed peer-disabled:opacity-50"[39m
            [33mdata-slot[39m=[32m"label"[39m
            [33mfor[39m=[32m"_r_c2_-form-item"[39m
          [36m>[39m
            [0mInstitution[0m
          [36m</label>[39m
          [36m<input[39m
            [33maria-describedby[39m=[32m"_r_c2_-form-item-description"[39m
            [33maria-invalid[39m=[32m"false"[39m
            [33mclass[39m=[32m"file:text-foreground placeholder:text-muted-foreground selection:bg-primary selection:text-primary-foreground dark:bg-input/30 border-input flex h-9 w-full min-w-0 rounded-md border bg-transparent px-3 py-1 text-base shadow-xs transition-[color,box-shadow] outline-none file:inline-flex file:h-7 file:border-0 file:bg-transparent file:text-sm file:font-medium disabled:pointer-events-none disabled:cursor-not-allowed disabled:opacity-50 md:text-sm focus-visible:border-ring focus-visible:ring-ring/50 focus-visible:ring-[3px] aria-invalid:ring-destructive/20 dark:aria-invalid:ring-destructive/40 aria-invalid:border-destructive"[39m
            [33mdata-slot[39m=[32m"input"[39m
            [33mid[39m=[32m"_r_c2_-form-item"[39m
            [33mname[39m=[32m"institution"[39m
            [33mplaceholder[39m=[32m"University of Example"[39m
            [33mstyle[39m=[32m"transform: none;"[39m
            [33mvalue[39m=[32m"Test U"[39m
          [36m/>[39m
        [36m</div>[39m
        [36m<div[39m
          [33mclass[39m=[32m"grid grid-cols-2 gap-4"[39m
        [36m>[39m
          [36m<div[39m
            [33mclass[39m=[32m"space-y-2"[39m
          [36m>[39m
            [36m<label[39m
              [33mclass[39m=[32m"flex items-center gap-2 text-sm leading-none font-medium select-none group-data-[disabled=true]:pointer-events-none group-data-[disabled=true]:opacity-50 peer-disabled:cursor-not-allowed peer-disabled:opacity-50"[39m
              [33mdata-slot[39m=[32m"label"[39m
              [33mfor[39m=[32m"_r_c3_-form-item"[39m
            [36m>[39m
              [0mDegree[0m
            [36m</label>[39m
            [36m<input[39m
              [33maria-describedby[39m=[32m"_r_c3_-form-item-description"[39m
              [33maria-invalid[39m=[32m"false"[39m
              [33mclass[39m=[32m"file:text-foreground placeholder:text-muted-foreground selection:bg-primary selection:text-primary-foreground dark:bg-input/30 border-input flex h-9 w-full min-w-0 rounded-md border bg-transparent px-3 py-1 text-base shadow-xs transition-[color,box-shadow] outline-none file:inline-flex file:h-7 file:border-0 file:bg-transparent file:text-sm file:font-medium disabled:pointer-events-none disabled:cursor-not-allowed disabled:opacity-50 md:text-sm focus-visible:border-ring focus-visible:ring-ring/50 focus-visible:ring-[3px] aria-invalid:ring-destructive/20 dark:aria-invalid:ring-destructive/40 aria-invalid:border-destructive"[39m
              [33mdata-slot[39m=[32m"input"[39m
              [33mid[39m=[32m"_r_c3_-form-item"[39m
              [33mname[39m=[32m"degree"[39m
              [33mplaceholder[39m=[32m"Bachelor of Science"[39m
              [33mstyle[39m=[32m"transform: none;"[39m
              [33mvalue[39m=[32m"BS"[39m
            [36m/>[39m
          [36m</div>[39m
          [36m<div[39m
            [33mclass[39m=[32m"space-y-2"[39m
          [36m>[39m
            [36m<label[39m
              [33mclass[39m=[32m"flex items-center gap-2 text-sm leading-none font-medium select-none group-data-[disabled=true]:pointer-events-none group-data-[disabled=true]:opacity-50 peer-disabled:cursor-not-allowed peer-disabled:opacity-50"[39m
              [33mdata-slot[39m=[32m"label"[39m
              [33mfor[39m=[32m"_r_c4_-form-item"[39m
            [36m>[39m
              [0mField of Study[0m
            [36m</label>[39m
            [36m<input[39m
              [33maria-describedby[39m=[32m"_r_c4_-form-item-description"[39m
              [33maria-invalid[39m=[32m"false"[39m
              [33mclass[39m=[32m"file:text-foreground placeholder:text-muted-foreg...

⎯⎯⎯⎯⎯⎯⎯ Failed Tests 7 ⎯⎯⎯⎯⎯⎯⎯

 FAIL  src/components/features/resume/forms/__tests__/education-form-dialog.test.tsx > EducationFormDialog > Form Submission > submits form with current study
AssertionError: expected "spy" to be called with arguments: [ ObjectContaining{…} ]

Received: 



Number of calls: 0


Ignored nodes: comments, script, style
[36m<html>[39m
  [36m<head />[39m
  [36m<body[39m
    [33mdata-scroll-locked[39m=[32m"1"[39m
    [33mstyle[39m=[32m"pointer-events: none;"[39m
  [36m>[39m
    [36m<span[39m
      [33maria-hidden[39m=[32m"true"[39m
      [33mdata-aria-hidden[39m=[32m"true"[39m
      [33mdata-radix-focus-guard[39m=[32m""[39m
      [33mstyle[39m=[32m"outline: none; opacity: 0; position: fixed; pointer-events: none;"[39m
      [33mtabindex[39m=[32m"0"[39m
    [36m/>[39m
    [36m<div[39m
      [33maria-hidden[39m=[32m"true"[39m
      [33mdata-aria-hidden[39m=[32m"true"[39m
    [36m/>[39m
    [36m<div[39m
      [33maria-hidden[39m=[32m"true"[39m
      [33mclass[39m=[32m"fixed inset-0 z-50 bg-black/50"[39m
      [33mdata-aria-hidden[39m=[32m"true"[39m
      [33mdata-slot[39m=[32m"dialog-overlay"[39m
      [33mdata-state[39m=[32m"open"[39m
      [33mstyle[39m=[32m"pointer-events: auto; opacity: 1;"[39m
    [36m/>[39m
    [36m<div[39m
      [33maria-describedby[39m=[32m"radix-_r_7b_"[39m
      [33maria-labelledby[39m=[32m"radix-_r_7a_"[39m
      [33mclass[39m=[32m"fixed top-[50%] left-[50%] z-50 grid w-full max-w-lg translate-x-[-50%] translate-y-[-50%] gap-4 border bg-background p-6 shadow-lg sm:rounded-lg max-h-[90vh] overflow-y-auto sm:max-w-[600px]"[39m
      [33mdata-slot[39m=[32m"dialog-content"[39m
      [33mdata-state[39m=[32m"open"[39m
      [33mid[39m=[32m"radix-_r_79_"[39m
      [33mrole[39m=[32m"dialog"[39m
      [33mstyle[39m=[32m"opacity: 1; transform: none; pointer-events: auto;"[39m
      [33mtabindex[39m=[32m"-1"[39m
    [36m>[39m
      [36m<div[39m
        [33mclass[39m=[32m"flex flex-col gap-2 text-center sm:text-left"[39m
        [33mdata-slot[39m=[32m"dialog-header"[39m
      [36m>[39m
        [36m<h2[39m
          [33mclass[39m=[32m"text-lg leading-none font-semibold"[39m
          [33mdata-slot[39m=[32m"dialog-title"[39m
          [33mid[39m=[32m"radix-_r_7a_"[39m
        [36m>[39m
          [0mAdd Education[0m
        [36m</h2>[39m
        [36m<p[39m
          [33mclass[39m=[32m"text-muted-foreground text-sm"[39m
          [33mdata-slot[39m=[32m"dialog-description"[39m
          [33mid[39m=[32m"radix-_r_7b_"[39m
        [36m>[39m
          [0mAdd your education details.[0m
        [36m</p>[39m
      [36m</div>[39m
      [36m<form[39m
        [33mclass[39m=[32m"space-y-4"[39m
      [36m>[39m
        [36m<div[39m
          [33mclass[39m=[32m"space-y-2"[39m
        [36m>[39m
          [36m<label[39m
            [33mclass[39m=[32m"flex items-center gap-2 text-sm leading-none font-medium select-none group-data-[disabled=true]:pointer-events-none group-data-[disabled=true]:opacity-50 peer-disabled:cursor-not-allowed peer-disabled:opacity-50"[39m
            [33mdata-slot[39m=[32m"label"[39m
            [33mfor[39m=[32m"_r_7c_-form-item"[39m
          [36m>[39m
            [0mInstitution[0m
          [36m</label>[39m
          [36m<input[39m
            [33maria-describedby[39m=[32m"_r_7c_-form-item-description"[39m
            [33maria-invalid[39m=[32m"false"[39m
            [33mclass[39m=[32m"file:text-foreground placeholder:text-muted-foreground selection:bg-primary selection:text-primary-foreground dark:bg-input/30 border-input flex h-9 w-full min-w-0 rounded-md border bg-transparent px-3 py-1 text-base shadow-xs transition-[color,box-shadow] outline-none file:inline-flex file:h-7 file:border-0 file:bg-transparent file:text-sm file:font-medium disabled:pointer-events-none disabled:cursor-not-allowed disabled:opacity-50 md:text-sm focus-visible:border-ring focus-visible:ring-ring/50 focus-visible:ring-[3px] aria-invalid:ring-destructive/20 dark:aria-invalid:ring-destructive/40 aria-invalid:border-destructive"[39m
            [33mdata-slot[39m=[32m"input"[39m
            [33mid[39m=[32m"_r_7c_-form-item"[39m
            [33mname[39m=[32m"institution"[39m
            [33mplaceholder[39m=[32m"University of Example"[39m
            [33mstyle[39m=[32m"transform: none;"[39m
            [33mvalue[39m=[32m"Stanford"[39m
          [36m/>[39m
        [36m</div>[39m
        [36m<div[39m
          [33mclass[39m=[32m"grid grid-cols-2 gap-4"[39m
        [36m>[39m
          [36m<div[39m
            [33mclass[39m=[32m"space-y-2"[39m
          [36m>[39m
            [36m<label[39m
              [33mclass[39m=[32m"flex items-center gap-2 text-sm leading-none font-medium select-none group-data-[disabled=true]:pointer-events-none group-data-[disabled=true]:opacity-50 peer-disabled:cursor-not-allowed peer-disabled:opacity-50"[39m
              [33mdata-slot[39m=[32m"label"[39m
              [33mfor[39m=[32m"_r_7d_-form-item"[39m
            [36m>[39m
              [0mDegree[0m
            [36m</label>[39m
            [36m<input[39m
              [33maria-describedby[39m=[32m"_r_7d_-form-item-description"[39m
              [33maria-invalid[39m=[32m"false"[39m
              [33mclass[39m=[32m"file:text-foreground placeholder:text-muted-foreground selection:bg-primary selection:text-primary-foreground dark:bg-input/30 border-input flex h-9 w-full min-w-0 rounded-md border bg-transparent px-3 py-1 text-base shadow-xs transition-[color,box-shadow] outline-none file:inline-flex file:h-7 file:border-0 file:bg-transparent file:text-sm file:font-medium disabled:pointer-events-none disabled:cursor-not-allowed disabled:opacity-50 md:text-sm focus-visible:border-ring focus-visible:ring-ring/50 focus-visible:ring-[3px] aria-invalid:ring-destructive/20 dark:aria-invalid:ring-destructive/40 aria-invalid:border-destructive"[39m
              [33mdata-slot[39m=[32m"input"[39m
              [33mid[39m=[32m"_r_7d_-form-item"[39m
              [33mname[39m=[32m"degree"[39m
              [33mplaceholder[39m=[32m"Bachelor of Science"[39m
              [33mstyle[39m=[32m"transform: none;"[39m
              [33mvalue[39m=[32m"Master of Science"[39m
            [36m/>[39m
          [36m</div>[39m
          [36m<div[39m
            [33mclass[39m=[32m"space-y-2"[39m
          [36m>[39m
            [36m<label[39m
              [33mclass[39m=[32m"flex items-center gap-2 text-sm leading-none font-medium select-none group-data-[disabled=true]:pointer-events-none group-data-[disabled=true]:opacity-50 peer-disabled:cursor-not-allowed peer-disabled:opacity-50"[39m
              [33mdata-slot[39m=[32m"label"[39m
              [33mfor[39m=[32m"_r_7e_-form-item"[39m
            [36m>[39m
              [0mField of Study[0m
            [36m</label>[39m
            [36m<input[39m
              [33maria-describedby[39m=[32m"_r_7e_-form-item-description"[39m
              [33maria-invalid[39m=[32m"false"[39m
              [33mclass[39m=[32m"file:text-foreground placeholder...
 ❯ src/components/features/resume/forms/__tests__/education-form-dialog.test.tsx:359:26
    357| 
    358|       await waitFor(() => {
    359|         expect(onSubmit).toHaveBeenCalledWith(
       |                          ^
    360|           expect.objectContaining({
    361|             institution: "Stanford",
 ❯ runWithExpensiveErrorDiagnosticsDisabled node_modules/@testing-library/dom/dist/config.js:47:12
 ❯ checkCallback node_modules/@testing-library/dom/dist/wait-for.js:124:77
 ❯ Timeout.checkRealTimersCallback node_modules/@testing-library/dom/dist/wait-for.js:118:16

⎯⎯⎯⎯⎯⎯⎯⎯⎯⎯⎯⎯⎯⎯⎯⎯⎯⎯⎯⎯⎯⎯⎯⎯[1/7]⎯

 FAIL  src/components/features/resume/forms/__tests__/education-form-dialog.test.tsx > EducationFormDialog > Form Submission > submits form with honors
AssertionError: expected "spy" to be called with arguments: [ ObjectContaining{…} ]

Received: 



Number of calls: 0


Ignored nodes: comments, script, style
[36m<html>[39m
  [36m<head />[39m
  [36m<body[39m
    [33mdata-scroll-locked[39m=[32m"1"[39m
    [33mstyle[39m=[32m"pointer-events: none;"[39m
  [36m>[39m
    [36m<span[39m
      [33maria-hidden[39m=[32m"true"[39m
      [33mdata-aria-hidden[39m=[32m"true"[39m
      [33mdata-radix-focus-guard[39m=[32m""[39m
      [33mstyle[39m=[32m"outline: none; opacity: 0; position: fixed; pointer-events: none;"[39m
      [33mtabindex[39m=[32m"0"[39m
    [36m/>[39m
    [36m<div[39m
      [33maria-hidden[39m=[32m"true"[39m
      [33mdata-aria-hidden[39m=[32m"true"[39m
    [36m/>[39m
    [36m<div[39m
      [33maria-hidden[39m=[32m"true"[39m
      [33mclass[39m=[32m"fixed inset-0 z-50 bg-black/50"[39m
      [33mdata-aria-hidden[39m=[32m"true"[39m
      [33mdata-slot[39m=[32m"dialog-overlay"[39m
      [33mdata-state[39m=[32m"open"[39m
      [33mstyle[39m=[32m"pointer-events: auto; opacity: 1;"[39m
    [36m/>[39m
    [36m<div[39m
      [33maria-describedby[39m=[32m"radix-_r_7l_"[39m
      [33maria-labelledby[39m=[32m"radix-_r_7k_"[39m
      [33mclass[39m=[32m"fixed top-[50%] left-[50%] z-50 grid w-full max-w-lg translate-x-[-50%] translate-y-[-50%] gap-4 border bg-background p-6 shadow-lg sm:rounded-lg max-h-[90vh] overflow-y-auto sm:max-w-[600px]"[39m
      [33mdata-slot[39m=[32m"dialog-content"[39m
      [33mdata-state[39m=[32m"open"[39m
      [33mid[39m=[32m"radix-_r_7j_"[39m
      [33mrole[39m=[32m"dialog"[39m
      [33mstyle[39m=[32m"opacity: 1; transform: none; pointer-events: auto;"[39m
      [33mtabindex[39m=[32m"-1"[39m
    [36m>[39m
      [36m<div[39m
        [33mclass[39m=[32m"flex flex-col gap-2 text-center sm:text-left"[39m
        [33mdata-slot[39m=[32m"dialog-header"[39m
      [36m>[39m
        [36m<h2[39m
          [33mclass[39m=[32m"text-lg leading-none font-semibold"[39m
          [33mdata-slot[39m=[32m"dialog-title"[39m
          [33mid[39m=[32m"radix-_r_7k_"[39m
        [36m>[39m
          [0mAdd Education[0m
        [36m</h2>[39m
        [36m<p[39m
          [33mclass[39m=[32m"text-muted-foreground text-sm"[39m
          [33mdata-slot[39m=[32m"dialog-description"[39m
          [33mid[39m=[32m"radix-_r_7l_"[39m
        [36m>[39m
          [0mAdd your education details.[0m
        [36m</p>[39m
      [36m</div>[39m
      [36m<form[39m
        [33mclass[39m=[32m"space-y-4"[39m
      [36m>[39m
        [36m<div[39m
          [33mclass[39m=[32m"space-y-2"[39m
        [36m>[39m
          [36m<label[39m
            [33mclass[39m=[32m"flex items-center gap-2 text-sm leading-none font-medium select-none group-data-[disabled=true]:pointer-events-none group-data-[disabled=true]:opacity-50 peer-disabled:cursor-not-allowed peer-disabled:opacity-50"[39m
            [33mdata-slot[39m=[32m"label"[39m
            [33mfor[39m=[32m"_r_7m_-form-item"[39m
          [36m>[39m
            [0mInstitution[0m
          [36m</label>[39m
          [36m<input[39m
            [33maria-describedby[39m=[32m"_r_7m_-form-item-description"[39m
            [33maria-invalid[39m=[32m"false"[39m
            [33mclass[39m=[32m"file:text-foreground placeholder:text-muted-foreground selection:bg-primary selection:text-primary-foreground dark:bg-input/30 border-input flex h-9 w-full min-w-0 rounded-md border bg-transparent px-3 py-1 text-base shadow-xs transition-[color,box-shadow] outline-none file:inline-flex file:h-7 file:border-0 file:bg-transparent file:text-sm file:font-medium disabled:pointer-events-none disabled:cursor-not-allowed disabled:opacity-50 md:text-sm focus-visible:border-ring focus-visible:ring-ring/50 focus-visible:ring-[3px] aria-invalid:ring-destructive/20 dark:aria-invalid:ring-destructive/40 aria-invalid:border-destructive"[39m
            [33mdata-slot[39m=[32m"input"[39m
            [33mid[39m=[32m"_r_7m_-form-item"[39m
            [33mname[39m=[32m"institution"[39m
            [33mplaceholder[39m=[32m"University of Example"[39m
            [33mstyle[39m=[32m"transform: none;"[39m
            [33mvalue[39m=[32m"Harvard"[39m
          [36m/>[39m
        [36m</div>[39m
        [36m<div[39m
          [33mclass[39m=[32m"grid grid-cols-2 gap-4"[39m
        [36m>[39m
          [36m<div[39m
            [33mclass[39m=[32m"space-y-2"[39m
          [36m>[39m
            [36m<label[39m
              [33mclass[39m=[32m"flex items-center gap-2 text-sm leading-none font-medium select-none group-data-[disabled=true]:pointer-events-none group-data-[disabled=true]:opacity-50 peer-disabled:cursor-not-allowed peer-disabled:opacity-50"[39m
              [33mdata-slot[39m=[32m"label"[39m
              [33mfor[39m=[32m"_r_7n_-form-item"[39m
            [36m>[39m
              [0mDegree[0m
            [36m</label>[39m
            [36m<input[39m
              [33maria-describedby[39m=[32m"_r_7n_-form-item-description"[39m
              [33maria-invalid[39m=[32m"false"[39m
              [33mclass[39m=[32m"file:text-foreground placeholder:text-muted-foreground selection:bg-primary selection:text-primary-foreground dark:bg-input/30 border-input flex h-9 w-full min-w-0 rounded-md border bg-transparent px-3 py-1 text-base shadow-xs transition-[color,box-shadow] outline-none file:inline-flex file:h-7 file:border-0 file:bg-transparent file:text-sm file:font-medium disabled:pointer-events-none disabled:cursor-not-allowed disabled:opacity-50 md:text-sm focus-visible:border-ring focus-visible:ring-ring/50 focus-visible:ring-[3px] aria-invalid:ring-destructive/20 dark:aria-invalid:ring-destructive/40 aria-invalid:border-destructive"[39m
              [33mdata-slot[39m=[32m"input"[39m
              [33mid[39m=[32m"_r_7n_-form-item"[39m
              [33mname[39m=[32m"degree"[39m
              [33mplaceholder[39m=[32m"Bachelor of Science"[39m
              [33mstyle[39m=[32m"transform: none;"[39m
              [33mvalue[39m=[32m"PhD"[39m
            [36m/>[39m
          [36m</div>[39m
          [36m<div[39m
            [33mclass[39m=[32m"space-y-2"[39m
          [36m>[39m
            [36m<label[39m
              [33mclass[39m=[32m"flex items-center gap-2 text-sm leading-none font-medium select-none group-data-[disabled=true]:pointer-events-none group-data-[disabled=true]:opacity-50 peer-disabled:cursor-not-allowed peer-disabled:opacity-50"[39m
              [33mdata-slot[39m=[32m"label"[39m
              [33mfor[39m=[32m"_r_7o_-form-item"[39m
            [36m>[39m
              [0mField of Study[0m
            [36m</label>[39m
            [36m<input[39m
              [33maria-describedby[39m=[32m"_r_7o_-form-item-description"[39m
              [33maria-invalid[39m=[32m"false"[39m
              [33mclass[39m=[32m"file:text-foreground placeholder:text-muted-for...
 ❯ src/components/features/resume/forms/__tests__/education-form-dialog.test.tsx:395:26
    393| 
    394|       await waitFor(() => {
    395|         expect(onSubmit).toHaveBeenCalledWith(
       |                          ^
    396|           expect.objectContaining({
    397|             honors: ["Summa Cum Laude", "Dean's List"],
 ❯ runWithExpensiveErrorDiagnosticsDisabled node_modules/@testing-library/dom/dist/config.js:47:12
 ❯ checkCallback node_modules/@testing-library/dom/dist/wait-for.js:124:77
 ❯ Timeout.checkRealTimersCallback node_modules/@testing-library/dom/dist/wait-for.js:118:16

⎯⎯⎯⎯⎯⎯⎯⎯⎯⎯⎯⎯⎯⎯⎯⎯⎯⎯⎯⎯⎯⎯⎯⎯[2/7]⎯

 FAIL  src/components/features/resume/forms/__tests__/education-form-dialog.test.tsx > EducationFormDialog > Form Submission > filters out empty honors on submit
AssertionError: expected "spy" to be called with arguments: [ ObjectContaining{…} ]

Received: 



Number of calls: 0


Ignored nodes: comments, script, style
[36m<html>[39m
  [36m<head />[39m
  [36m<body[39m
    [33mdata-scroll-locked[39m=[32m"1"[39m
    [33mstyle[39m=[32m"pointer-events: none;"[39m
  [36m>[39m
    [36m<span[39m
      [33maria-hidden[39m=[32m"true"[39m
      [33mdata-aria-hidden[39m=[32m"true"[39m
      [33mdata-radix-focus-guard[39m=[32m""[39m
      [33mstyle[39m=[32m"outline: none; opacity: 0; position: fixed; pointer-events: none;"[39m
      [33mtabindex[39m=[32m"0"[39m
    [36m/>[39m
    [36m<div[39m
      [33maria-hidden[39m=[32m"true"[39m
      [33mdata-aria-hidden[39m=[32m"true"[39m
    [36m/>[39m
    [36m<div[39m
      [33maria-hidden[39m=[32m"true"[39m
      [33mclass[39m=[32m"fixed inset-0 z-50 bg-black/50"[39m
      [33mdata-aria-hidden[39m=[32m"true"[39m
      [33mdata-slot[39m=[32m"dialog-overlay"[39m
      [33mdata-state[39m=[32m"open"[39m
      [33mstyle[39m=[32m"pointer-events: auto; opacity: 1;"[39m
    [36m/>[39m
    [36m<div[39m
      [33maria-describedby[39m=[32m"radix-_r_7v_"[39m
      [33maria-labelledby[39m=[32m"radix-_r_7u_"[39m
      [33mclass[39m=[32m"fixed top-[50%] left-[50%] z-50 grid w-full max-w-lg translate-x-[-50%] translate-y-[-50%] gap-4 border bg-background p-6 shadow-lg sm:rounded-lg max-h-[90vh] overflow-y-auto sm:max-w-[600px]"[39m
      [33mdata-slot[39m=[32m"dialog-content"[39m
      [33mdata-state[39m=[32m"open"[39m
      [33mid[39m=[32m"radix-_r_7t_"[39m
      [33mrole[39m=[32m"dialog"[39m
      [33mstyle[39m=[32m"opacity: 1; transform: none; pointer-events: auto;"[39m
      [33mtabindex[39m=[32m"-1"[39m
    [36m>[39m
      [36m<div[39m
        [33mclass[39m=[32m"flex flex-col gap-2 text-center sm:text-left"[39m
        [33mdata-slot[39m=[32m"dialog-header"[39m
      [36m>[39m
        [36m<h2[39m
          [33mclass[39m=[32m"text-lg leading-none font-semibold"[39m
          [33mdata-slot[39m=[32m"dialog-title"[39m
          [33mid[39m=[32m"radix-_r_7u_"[39m
        [36m>[39m
          [0mAdd Education[0m
        [36m</h2>[39m
        [36m<p[39m
          [33mclass[39m=[32m"text-muted-foreground text-sm"[39m
          [33mdata-slot[39m=[32m"dialog-description"[39m
          [33mid[39m=[32m"radix-_r_7v_"[39m
        [36m>[39m
          [0mAdd your education details.[0m
        [36m</p>[39m
      [36m</div>[39m
      [36m<form[39m
        [33mclass[39m=[32m"space-y-4"[39m
      [36m>[39m
        [36m<div[39m
          [33mclass[39m=[32m"space-y-2"[39m
        [36m>[39m
          [36m<label[39m
            [33mclass[39m=[32m"flex items-center gap-2 text-sm leading-none font-medium select-none group-data-[disabled=true]:pointer-events-none group-data-[disabled=true]:opacity-50 peer-disabled:cursor-not-allowed peer-disabled:opacity-50"[39m
            [33mdata-slot[39m=[32m"label"[39m
            [33mfor[39m=[32m"_r_80_-form-item"[39m
          [36m>[39m
            [0mInstitution[0m
          [36m</label>[39m
          [36m<input[39m
            [33maria-describedby[39m=[32m"_r_80_-form-item-description"[39m
            [33maria-invalid[39m=[32m"false"[39m
            [33mclass[39m=[32m"file:text-foreground placeholder:text-muted-foreground selection:bg-primary selection:text-primary-foreground dark:bg-input/30 border-input flex h-9 w-full min-w-0 rounded-md border bg-transparent px-3 py-1 text-base shadow-xs transition-[color,box-shadow] outline-none file:inline-flex file:h-7 file:border-0 file:bg-transparent file:text-sm file:font-medium disabled:pointer-events-none disabled:cursor-not-allowed disabled:opacity-50 md:text-sm focus-visible:border-ring focus-visible:ring-ring/50 focus-visible:ring-[3px] aria-invalid:ring-destructive/20 dark:aria-invalid:ring-destructive/40 aria-invalid:border-destructive"[39m
            [33mdata-slot[39m=[32m"input"[39m
            [33mid[39m=[32m"_r_80_-form-item"[39m
            [33mname[39m=[32m"institution"[39m
            [33mplaceholder[39m=[32m"University of Example"[39m
            [33mstyle[39m=[32m"transform: none;"[39m
            [33mvalue[39m=[32m"Test U"[39m
          [36m/>[39m
        [36m</div>[39m
        [36m<div[39m
          [33mclass[39m=[32m"grid grid-cols-2 gap-4"[39m
        [36m>[39m
          [36m<div[39m
            [33mclass[39m=[32m"space-y-2"[39m
          [36m>[39m
            [36m<label[39m
              [33mclass[39m=[32m"flex items-center gap-2 text-sm leading-none font-medium select-none group-data-[disabled=true]:pointer-events-none group-data-[disabled=true]:opacity-50 peer-disabled:cursor-not-allowed peer-disabled:opacity-50"[39m
              [33mdata-slot[39m=[32m"label"[39m
              [33mfor[39m=[32m"_r_81_-form-item"[39m
            [36m>[39m
              [0mDegree[0m
            [36m</label>[39m
            [36m<input[39m
              [33maria-describedby[39m=[32m"_r_81_-form-item-description"[39m
              [33maria-invalid[39m=[32m"false"[39m
              [33mclass[39m=[32m"file:text-foreground placeholder:text-muted-foreground selection:bg-primary selection:text-primary-foreground dark:bg-input/30 border-input flex h-9 w-full min-w-0 rounded-md border bg-transparent px-3 py-1 text-base shadow-xs transition-[color,box-shadow] outline-none file:inline-flex file:h-7 file:border-0 file:bg-transparent file:text-sm file:font-medium disabled:pointer-events-none disabled:cursor-not-allowed disabled:opacity-50 md:text-sm focus-visible:border-ring focus-visible:ring-ring/50 focus-visible:ring-[3px] aria-invalid:ring-destructive/20 dark:aria-invalid:ring-destructive/40 aria-invalid:border-destructive"[39m
              [33mdata-slot[39m=[32m"input"[39m
              [33mid[39m=[32m"_r_81_-form-item"[39m
              [33mname[39m=[32m"degree"[39m
              [33mplaceholder[39m=[32m"Bachelor of Science"[39m
              [33mstyle[39m=[32m"transform: none;"[39m
              [33mvalue[39m=[32m"BS"[39m
            [36m/>[39m
          [36m</div>[39m
          [36m<div[39m
            [33mclass[39m=[32m"space-y-2"[39m
          [36m>[39m
            [36m<label[39m
              [33mclass[39m=[32m"flex items-center gap-2 text-sm leading-none font-medium select-none group-data-[disabled=true]:pointer-events-none group-data-[disabled=true]:opacity-50 peer-disabled:cursor-not-allowed peer-disabled:opacity-50"[39m
              [33mdata-slot[39m=[32m"label"[39m
              [33mfor[39m=[32m"_r_82_-form-item"[39m
            [36m>[39m
              [0mField of Study[0m
            [36m</label>[39m
            [36m<input[39m
              [33maria-describedby[39m=[32m"_r_82_-form-item-description"[39m
              [33maria-invalid[39m=[32m"false"[39m
              [33mclass[39m=[32m"file:text-foreground placeholder:text-muted-foreg...
 ❯ src/components/features/resume/forms/__tests__/education-form-dialog.test.tsx:429:26
    427| 
    428|       await waitFor(() => {
    429|         expect(onSubmit).toHaveBeenCalledWith(
       |                          ^
    430|           expect.objectContaining({
    431|             honors: ["First honor", "Third honor"],
 ❯ runWithExpensiveErrorDiagnosticsDisabled node_modules/@testing-library/dom/dist/config.js:47:12
 ❯ checkCallback node_modules/@testing-library/dom/dist/wait-for.js:124:77
 ❯ Timeout.checkRealTimersCallback node_modules/@testing-library/dom/dist/wait-for.js:118:16

⎯⎯⎯⎯⎯⎯⎯⎯⎯⎯⎯⎯⎯⎯⎯⎯⎯⎯⎯⎯⎯⎯⎯⎯[3/7]⎯

 FAIL  src/components/features/resume/forms/__tests__/education-form-dialog.test.tsx > EducationFormDialog > Form Submission > closes dialog after successful submission
AssertionError: expected "spy" to be called with arguments: [ false ]

Received: 



Number of calls: 0


Ignored nodes: comments, script, style
[36m<html>[39m
  [36m<head />[39m
  [36m<body[39m
    [33mdata-scroll-locked[39m=[32m"1"[39m
    [33mstyle[39m=[32m"pointer-events: none;"[39m
  [36m>[39m
    [36m<span[39m
      [33maria-hidden[39m=[32m"true"[39m
      [33mdata-aria-hidden[39m=[32m"true"[39m
      [33mdata-radix-focus-guard[39m=[32m""[39m
      [33mstyle[39m=[32m"outline: none; opacity: 0; position: fixed; pointer-events: none;"[39m
      [33mtabindex[39m=[32m"0"[39m
    [36m/>[39m
    [36m<div[39m
      [33maria-hidden[39m=[32m"true"[39m
      [33mdata-aria-hidden[39m=[32m"true"[39m
    [36m/>[39m
    [36m<div[39m
      [33maria-hidden[39m=[32m"true"[39m
      [33mclass[39m=[32m"fixed inset-0 z-50 bg-black/50"[39m
      [33mdata-aria-hidden[39m=[32m"true"[39m
      [33mdata-slot[39m=[32m"dialog-overlay"[39m
      [33mdata-state[39m=[32m"open"[39m
      [33mstyle[39m=[32m"pointer-events: auto; opacity: 1;"[39m
    [36m/>[39m
    [36m<div[39m
      [33maria-describedby[39m=[32m"radix-_r_8j_"[39m
      [33maria-labelledby[39m=[32m"radix-_r_8i_"[39m
      [33mclass[39m=[32m"fixed top-[50%] left-[50%] z-50 grid w-full max-w-lg translate-x-[-50%] translate-y-[-50%] gap-4 border bg-background p-6 shadow-lg sm:rounded-lg max-h-[90vh] overflow-y-auto sm:max-w-[600px]"[39m
      [33mdata-slot[39m=[32m"dialog-content"[39m
      [33mdata-state[39m=[32m"open"[39m
      [33mid[39m=[32m"radix-_r_8h_"[39m
      [33mrole[39m=[32m"dialog"[39m
      [33mstyle[39m=[32m"opacity: 1; transform: none; pointer-events: auto;"[39m
      [33mtabindex[39m=[32m"-1"[39m
    [36m>[39m
      [36m<div[39m
        [33mclass[39m=[32m"flex flex-col gap-2 text-center sm:text-left"[39m
        [33mdata-slot[39m=[32m"dialog-header"[39m
      [36m>[39m
        [36m<h2[39m
          [33mclass[39m=[32m"text-lg leading-none font-semibold"[39m
          [33mdata-slot[39m=[32m"dialog-title"[39m
          [33mid[39m=[32m"radix-_r_8i_"[39m
        [36m>[39m
          [0mAdd Education[0m
        [36m</h2>[39m
        [36m<p[39m
          [33mclass[39m=[32m"text-muted-foreground text-sm"[39m
          [33mdata-slot[39m=[32m"dialog-description"[39m
          [33mid[39m=[32m"radix-_r_8j_"[39m
        [36m>[39m
          [0mAdd your education details.[0m
        [36m</p>[39m
      [36m</div>[39m
      [36m<form[39m
        [33mclass[39m=[32m"space-y-4"[39m
      [36m>[39m
        [36m<div[39m
          [33mclass[39m=[32m"space-y-2"[39m
        [36m>[39m
          [36m<label[39m
            [33mclass[39m=[32m"flex items-center gap-2 text-sm leading-none font-medium select-none group-data-[disabled=true]:pointer-events-none group-data-[disabled=true]:opacity-50 peer-disabled:cursor-not-allowed peer-disabled:opacity-50"[39m
            [33mdata-slot[39m=[32m"label"[39m
            [33mfor[39m=[32m"_r_8k_-form-item"[39m
          [36m>[39m
            [0mInstitution[0m
          [36m</label>[39m
          [36m<input[39m
            [33maria-describedby[39m=[32m"_r_8k_-form-item-description"[39m
            [33maria-invalid[39m=[32m"false"[39m
            [33mclass[39m=[32m"file:text-foreground placeholder:text-muted-foreground selection:bg-primary selection:text-primary-foreground dark:bg-input/30 border-input flex h-9 w-full min-w-0 rounded-md border bg-transparent px-3 py-1 text-base shadow-xs transition-[color,box-shadow] outline-none file:inline-flex file:h-7 file:border-0 file:bg-transparent file:text-sm file:font-medium disabled:pointer-events-none disabled:cursor-not-allowed disabled:opacity-50 md:text-sm focus-visible:border-ring focus-visible:ring-ring/50 focus-visible:ring-[3px] aria-invalid:ring-destructive/20 dark:aria-invalid:ring-destructive/40 aria-invalid:border-destructive"[39m
            [33mdata-slot[39m=[32m"input"[39m
            [33mid[39m=[32m"_r_8k_-form-item"[39m
            [33mname[39m=[32m"institution"[39m
            [33mplaceholder[39m=[32m"University of Example"[39m
            [33mstyle[39m=[32m"transform: none;"[39m
            [33mvalue[39m=[32m"Test"[39m
          [36m/>[39m
        [36m</div>[39m
        [36m<div[39m
          [33mclass[39m=[32m"grid grid-cols-2 gap-4"[39m
        [36m>[39m
          [36m<div[39m
            [33mclass[39m=[32m"space-y-2"[39m
          [36m>[39m
            [36m<label[39m
              [33mclass[39m=[32m"flex items-center gap-2 text-sm leading-none font-medium select-none group-data-[disabled=true]:pointer-events-none group-data-[disabled=true]:opacity-50 peer-disabled:cursor-not-allowed peer-disabled:opacity-50"[39m
              [33mdata-slot[39m=[32m"label"[39m
              [33mfor[39m=[32m"_r_8l_-form-item"[39m
            [36m>[39m
              [0mDegree[0m
            [36m</label>[39m
            [36m<input[39m
              [33maria-describedby[39m=[32m"_r_8l_-form-item-description"[39m
              [33maria-invalid[39m=[32m"false"[39m
              [33mclass[39m=[32m"file:text-foreground placeholder:text-muted-foreground selection:bg-primary selection:text-primary-foreground dark:bg-input/30 border-input flex h-9 w-full min-w-0 rounded-md border bg-transparent px-3 py-1 text-base shadow-xs transition-[color,box-shadow] outline-none file:inline-flex file:h-7 file:border-0 file:bg-transparent file:text-sm file:font-medium disabled:pointer-events-none disabled:cursor-not-allowed disabled:opacity-50 md:text-sm focus-visible:border-ring focus-visible:ring-ring/50 focus-visible:ring-[3px] aria-invalid:ring-destructive/20 dark:aria-invalid:ring-destructive/40 aria-invalid:border-destructive"[39m
              [33mdata-slot[39m=[32m"input"[39m
              [33mid[39m=[32m"_r_8l_-form-item"[39m
              [33mname[39m=[32m"degree"[39m
              [33mplaceholder[39m=[32m"Bachelor of Science"[39m
              [33mstyle[39m=[32m"transform: none;"[39m
              [33mvalue[39m=[32m"Degree"[39m
            [36m/>[39m
          [36m</div>[39m
          [36m<div[39m
            [33mclass[39m=[32m"space-y-2"[39m
          [36m>[39m
            [36m<label[39m
              [33mclass[39m=[32m"flex items-center gap-2 text-sm leading-none font-medium select-none group-data-[disabled=true]:pointer-events-none group-data-[disabled=true]:opacity-50 peer-disabled:cursor-not-allowed peer-disabled:opacity-50"[39m
              [33mdata-slot[39m=[32m"label"[39m
              [33mfor[39m=[32m"_r_8m_-form-item"[39m
            [36m>[39m
              [0mField of Study[0m
            [36m</label>[39m
            [36m<input[39m
              [33maria-describedby[39m=[32m"_r_8m_-form-item-description"[39m
              [33maria-invalid[39m=[32m"false"[39m
              [33mclass[39m=[32m"file:text-foreground placeholder:text-muted-for...
 ❯ src/components/features/resume/forms/__tests__/education-form-dialog.test.tsx:477:30
    475| 
    476|       await waitFor(() => {
    477|         expect(onOpenChange).toHaveBeenCalledWith(false)
       |                              ^
    478|       })
    479|     })
 ❯ runWithExpensiveErrorDiagnosticsDisabled node_modules/@testing-library/dom/dist/config.js:47:12
 ❯ checkCallback node_modules/@testing-library/dom/dist/wait-for.js:124:77
 ❯ Timeout.checkRealTimersCallback node_modules/@testing-library/dom/dist/wait-for.js:118:16

⎯⎯⎯⎯⎯⎯⎯⎯⎯⎯⎯⎯⎯⎯⎯⎯⎯⎯⎯⎯⎯⎯⎯⎯[4/7]⎯

 FAIL  src/components/features/resume/forms/__tests__/education-form-dialog.test.tsx > EducationFormDialog > Form Submission > resets form after submission
Error: expect(element).toHaveValue()

Expected the element to have value:

Received:
  Test Institution

Ignored nodes: comments, script, style
[36m<html>[39m
  [36m<head />[39m
  [36m<body[39m
    [33mdata-scroll-locked[39m=[32m"1"[39m
    [33mstyle[39m=[32m"pointer-events: none;"[39m
  [36m>[39m
    [36m<span[39m
      [33maria-hidden[39m=[32m"true"[39m
      [33mdata-aria-hidden[39m=[32m"true"[39m
      [33mdata-radix-focus-guard[39m=[32m""[39m
      [33mstyle[39m=[32m"outline: none; opacity: 0; position: fixed; pointer-events: none;"[39m
      [33mtabindex[39m=[32m"0"[39m
    [36m/>[39m
    [36m<div[39m
      [33maria-hidden[39m=[32m"true"[39m
      [33mdata-aria-hidden[39m=[32m"true"[39m
    [36m/>[39m
    [36m<div[39m
      [33maria-hidden[39m=[32m"true"[39m
      [33mclass[39m=[32m"fixed inset-0 z-50 bg-black/50"[39m
      [33mdata-aria-hidden[39m=[32m"true"[39m
      [33mdata-slot[39m=[32m"dialog-overlay"[39m
      [33mdata-state[39m=[32m"open"[39m
      [33mstyle[39m=[32m"pointer-events: auto; opacity: 1;"[39m
    [36m/>[39m
    [36m<div[39m
      [33maria-describedby[39m=[32m"radix-_r_8t_"[39m
      [33maria-labelledby[39m=[32m"radix-_r_8s_"[39m
      [33mclass[39m=[32m"fixed top-[50%] left-[50%] z-50 grid w-full max-w-lg translate-x-[-50%] translate-y-[-50%] gap-4 border bg-background p-6 shadow-lg sm:rounded-lg max-h-[90vh] overflow-y-auto sm:max-w-[600px]"[39m
      [33mdata-slot[39m=[32m"dialog-content"[39m
      [33mdata-state[39m=[32m"open"[39m
      [33mid[39m=[32m"radix-_r_8r_"[39m
      [33mrole[39m=[32m"dialog"[39m
      [33mstyle[39m=[32m"opacity: 1; transform: none; pointer-events: auto;"[39m
      [33mtabindex[39m=[32m"-1"[39m
    [36m>[39m
      [36m<div[39m
        [33mclass[39m=[32m"flex flex-col gap-2 text-center sm:text-left"[39m
        [33mdata-slot[39m=[32m"dialog-header"[39m
      [36m>[39m
        [36m<h2[39m
          [33mclass[39m=[32m"text-lg leading-none font-semibold"[39m
          [33mdata-slot[39m=[32m"dialog-title"[39m
          [33mid[39m=[32m"radix-_r_8s_"[39m
        [36m>[39m
          [0mAdd Education[0m
        [36m</h2>[39m
        [36m<p[39m
          [33mclass[39m=[32m"text-muted-foreground text-sm"[39m
          [33mdata-slot[39m=[32m"dialog-description"[39m
          [33mid[39m=[32m"radix-_r_8t_"[39m
        [36m>[39m
          [0mAdd your education details.[0m
        [36m</p>[39m
      [36m</div>[39m
      [36m<form[39m
        [33mclass[39m=[32m"space-y-4"[39m
      [36m>[39m
        [36m<div[39m
          [33mclass[39m=[32m"space-y-2"[39m
        [36m>[39m
          [36m<label[39m
            [33mclass[39m=[32m"flex items-center gap-2 text-sm leading-none font-medium select-none group-data-[disabled=true]:pointer-events-none group-data-[disabled=true]:opacity-50 peer-disabled:cursor-not-allowed peer-disabled:opacity-50"[39m
            [33mdata-slot[39m=[32m"label"[39m
            [33mfor[39m=[32m"_r_8u_-form-item"[39m
          [36m>[39m
            [0mInstitution[0m
          [36m</label>[39m
          [36m<input[39m
            [33maria-describedby[39m=[32m"_r_8u_-form-item-description"[39m
            [33maria-invalid[39m=[32m"false"[39m
            [33mclass[39m=[32m"file:text-foreground placeholder:text-muted-foreground selection:bg-primary selection:text-primary-foreground dark:bg-input/30 border-input flex h-9 w-full min-w-0 rounded-md border bg-transparent px-3 py-1 text-base shadow-xs transition-[color,box-shadow] outline-none file:inline-flex file:h-7 file:border-0 file:bg-transparent file:text-sm file:font-medium disabled:pointer-events-none disabled:cursor-not-allowed disabled:opacity-50 md:text-sm focus-visible:border-ring focus-visible:ring-ring/50 focus-visible:ring-[3px] aria-invalid:ring-destructive/20 dark:aria-invalid:ring-destructive/40 aria-invalid:border-destructive"[39m
            [33mdata-slot[39m=[32m"input"[39m
            [33mid[39m=[32m"_r_8u_-form-item"[39m
            [33mname[39m=[32m"institution"[39m
            [33mplaceholder[39m=[32m"University of Example"[39m
            [33mstyle[39m=[32m"transform: none;"[39m
            [33mvalue[39m=[32m"Test Institution"[39m
          [36m/>[39m
        [36m</div>[39m
        [36m<div[39m
          [33mclass[39m=[32m"grid grid-cols-2 gap-4"[39m
        [36m>[39m
          [36m<div[39m
            [33mclass[39m=[32m"space-y-2"[39m
          [36m>[39m
            [36m<label[39m
              [33mclass[39m=[32m"flex items-center gap-2 text-sm leading-none font-medium select-none group-data-[disabled=true]:pointer-events-none group-data-[disabled=true]:opacity-50 peer-disabled:cursor-not-allowed peer-disabled:opacity-50"[39m
              [33mdata-slot[39m=[32m"label"[39m
              [33mfor[39m=[32m"_r_8v_-form-item"[39m
            [36m>[39m
              [0mDegree[0m
            [36m</label>[39m
            [36m<input[39m
              [33maria-describedby[39m=[32m"_r_8v_-form-item-description"[39m
              [33maria-invalid[39m=[32m"false"[39m
              [33mclass[39m=[32m"file:text-foreground placeholder:text-muted-foreground selection:bg-primary selection:text-primary-foreground dark:bg-input/30 border-input flex h-9 w-full min-w-0 rounded-md border bg-transparent px-3 py-1 text-base shadow-xs transition-[color,box-shadow] outline-none file:inline-flex file:h-7 file:border-0 file:bg-transparent file:text-sm file:font-medium disabled:pointer-events-none disabled:cursor-not-allowed disabled:opacity-50 md:text-sm focus-visible:border-ring focus-visible:ring-ring/50 focus-visible:ring-[3px] aria-invalid:ring-destructive/20 dark:aria-invalid:ring-destructive/40 aria-invalid:border-destructive"[39m
              [33mdata-slot[39m=[32m"input"[39m
              [33mid[39m=[32m"_r_8v_-form-item"[39m
              [33mname[39m=[32m"degree"[39m
              [33mplaceholder[39m=[32m"Bachelor of Science"[39m
              [33mstyle[39m=[32m"transform: none;"[39m
              [33mvalue[39m=[32m"Test Degree"[39m
            [36m/>[39m
          [36m</div>[39m
          [36m<div[39m
            [33mclass[39m=[32m"space-y-2"[39m
          [36m>[39m
            [36m<label[39m
              [33mclass[39m=[32m"flex items-center gap-2 text-sm leading-none font-medium select-none group-data-[disabled=true]:pointer-events-none group-data-[disabled=true]:opacity-50 peer-disabled:cursor-not-allowed peer-disabled:opacity-50"[39m
              [33mdata-slot[39m=[32m"label"[39m
              [33mfor[39m=[32m"_r_90_-form-item"[39m
            [36m>[39m
              [0mField of Study[0m
            [36m</label>[39m
            [36m<input[39m
              [33maria-describedby[39m=[32m"_r_90_-form-item-description"[39m
              [33maria-invalid[39m=[32m"false"[39m
              [33mclass[39m=[32m"file:text-foreground placehold...
 ❯ src/components/features/resume/forms/__tests__/education-form-dialog.test.tsx:495:34
    493| 
    494|       await waitFor(() => {
    495|         expect(institutionInput).toHaveValue("")
       |                                  ^
    496|       })
    497|     })
 ❯ runWithExpensiveErrorDiagnosticsDisabled node_modules/@testing-library/dom/dist/config.js:47:12
 ❯ checkCallback node_modules/@testing-library/dom/dist/wait-for.js:124:77
 ❯ Timeout.checkRealTimersCallback node_modules/@testing-library/dom/dist/wait-for.js:118:16

⎯⎯⎯⎯⎯⎯⎯⎯⎯⎯⎯⎯⎯⎯⎯⎯⎯⎯⎯⎯⎯⎯⎯⎯[5/7]⎯

 FAIL  src/components/features/resume/forms/__tests__/education-form-dialog.test.tsx > EducationFormDialog > Form Submission > resets honors after submission
Error: expect(element).not.toBeInTheDocument()

expected document not to contain element, found <input
  class="file:text-foreground placeholder:text-muted-foreground selection:bg-primary selection:text-primary-foreground dark:bg-input/30 border-input flex h-9 w-full min-w-0 rounded-md border bg-transparent px-3 py-1 text-base shadow-xs transition-[color,box-shadow] outline-none file:inline-flex file:h-7 file:border-0 file:bg-transparent file:text-sm file:font-medium disabled:pointer-events-none disabled:cursor-not-allowed disabled:opacity-50 md:text-sm focus-visible:border-ring focus-visible:ring-ring/50 focus-visible:ring-[3px] aria-invalid:ring-destructive/20 dark:aria-invalid:ring-destructive/40 aria-invalid:border-destructive"
  data-slot="input"
  placeholder="Dean's List, Summa Cum Laude..."
  value=""
/> instead

Ignored nodes: comments, script, style
[36m<html>[39m
  [36m<head />[39m
  [36m<body[39m
    [33mdata-scroll-locked[39m=[32m"1"[39m
    [33mstyle[39m=[32m"pointer-events: none;"[39m
  [36m>[39m
    [36m<span[39m
      [33maria-hidden[39m=[32m"true"[39m
      [33mdata-aria-hidden[39m=[32m"true"[39m
      [33mdata-radix-focus-guard[39m=[32m""[39m
      [33mstyle[39m=[32m"outline: none; opacity: 0; position: fixed; pointer-events: none;"[39m
      [33mtabindex[39m=[32m"0"[39m
    [36m/>[39m
    [36m<div[39m
      [33maria-hidden[39m=[32m"true"[39m
      [33mdata-aria-hidden[39m=[32m"true"[39m
    [36m/>[39m
    [36m<div[39m
      [33maria-hidden[39m=[32m"true"[39m
      [33mclass[39m=[32m"fixed inset-0 z-50 bg-black/50"[39m
      [33mdata-aria-hidden[39m=[32m"true"[39m
      [33mdata-slot[39m=[32m"dialog-overlay"[39m
      [33mdata-state[39m=[32m"open"[39m
      [33mstyle[39m=[32m"pointer-events: auto; opacity: 1;"[39m
    [36m/>[39m
    [36m<div[39m
      [33maria-describedby[39m=[32m"radix-_r_97_"[39m
      [33maria-labelledby[39m=[32m"radix-_r_96_"[39m
      [33mclass[39m=[32m"fixed top-[50%] left-[50%] z-50 grid w-full max-w-lg translate-x-[-50%] translate-y-[-50%] gap-4 border bg-background p-6 shadow-lg sm:rounded-lg max-h-[90vh] overflow-y-auto sm:max-w-[600px]"[39m
      [33mdata-slot[39m=[32m"dialog-content"[39m
      [33mdata-state[39m=[32m"open"[39m
      [33mid[39m=[32m"radix-_r_95_"[39m
      [33mrole[39m=[32m"dialog"[39m
      [33mstyle[39m=[32m"opacity: 1; transform: none; pointer-events: auto;"[39m
      [33mtabindex[39m=[32m"-1"[39m
    [36m>[39m
      [36m<div[39m
        [33mclass[39m=[32m"flex flex-col gap-2 text-center sm:text-left"[39m
        [33mdata-slot[39m=[32m"dialog-header"[39m
      [36m>[39m
        [36m<h2[39m
          [33mclass[39m=[32m"text-lg leading-none font-semibold"[39m
          [33mdata-slot[39m=[32m"dialog-title"[39m
          [33mid[39m=[32m"radix-_r_96_"[39m
        [36m>[39m
          [0mAdd Education[0m
        [36m</h2>[39m
        [36m<p[39m
          [33mclass[39m=[32m"text-muted-foreground text-sm"[39m
          [33mdata-slot[39m=[32m"dialog-description"[39m
          [33mid[39m=[32m"radix-_r_97_"[39m
        [36m>[39m
          [0mAdd your education details.[0m
        [36m</p>[39m
      [36m</div>[39m
      [36m<form[39m
        [33mclass[39m=[32m"space-y-4"[39m
      [36m>[39m
        [36m<div[39m
          [33mclass[39m=[32m"space-y-2"[39m
        [36m>[39m
          [36m<label[39m
            [33mclass[39m=[32m"flex items-center gap-2 text-sm leading-none font-medium select-none group-data-[disabled=true]:pointer-events-none group-data-[disabled=true]:opacity-50 peer-disabled:cursor-not-allowed peer-disabled:opacity-50"[39m
            [33mdata-slot[39m=[32m"label"[39m
            [33mfor[39m=[32m"_r_98_-form-item"[39m
          [36m>[39m
            [0mInstitution[0m
          [36m</label>[39m
          [36m<input[39m
            [33maria-describedby[39m=[32m"_r_98_-form-item-description"[39m
            [33maria-invalid[39m=[32m"false"[39m
            [33mclass[39m=[32m"file:text-foreground placeholder:text-muted-foreground selection:bg-primary selection:text-primary-foreground dark:bg-input/30 border-input flex h-9 w-full min-w-0 rounded-md border bg-transparent px-3 py-1 text-base shadow-xs transition-[color,box-shadow] outline-none file:inline-flex file:h-7 file:border-0 file:bg-transparent file:text-sm file:font-medium disabled:pointer-events-none disabled:cursor-not-allowed disabled:opacity-50 md:text-sm focus-visible:border-ring focus-visible:ring-ring/50 focus-visible:ring-[3px] aria-invalid:ring-destructive/20 dark:aria-invalid:ring-destructive/40 aria-invalid:border-destructive"[39m
            [33mdata-slot[39m=[32m"input"[39m
            [33mid[39m=[32m"_r_98_-form-item"[39m
            [33mname[39m=[32m"institution"[39m
            [33mplaceholder[39m=[32m"University of Example"[39m
            [33mstyle[39m=[32m"transform: none;"[39m
            [33mvalue[39m=[32m"Test"[39m
          [36m/>[39m
        [36m</div>[39m
        [36m<div[39m
          [33mclass[39m=[32m"grid grid-cols-2 gap-4"[39m
        [36m>[39m
          [36m<div[39m
            [33mclass[39m=[32m"space-y-2"[39m
          [36m>[39m
            [36m<label[39m
              [33mclass[39m=[32m"flex items-center gap-2 text-sm leading-none font-medium select-none group-data-[disabled=true]:pointer-events-none group-data-[disabled=true]:opacity-50 peer-disabled:cursor-not-allowed peer-disabled:opacity-50"[39m
              [33mdata-slot[39m=[32m"label"[39m
              [33mfor[39m=[32m"_r_99_-form-item"[39m
            [36m>[39m
              [0mDegree[0m
            [36m</label>[39m
            [36m<input[39m
              [33maria-describedby[39m=[32m"_r_99_-form-item-description"[39m
              [33maria-invalid[39m=[32m"false"[39m
              [33mclass[39m=[32m"file:text-foreground placeholder:text-muted-foreground selection:bg-primary selection:text-primary-foreground dark:bg-input/30 border-input flex h-9 w-full min-w-0 rounded-md border bg-transparent px-3 py-1 text-base shadow-xs transition-[color,box-shadow] outline-none file:inline-flex file:h-7 file:border-0 file:bg-transparent file:text-sm file:font-medium disabled:pointer-events-none disabled:cursor-not-allowed disabled:opacity-50 md:text-sm focus-visible:border-ring focus-visible:ring-ring/50 focus-visible:ring-[3px] aria-invalid:ring-destructive/20 dark:aria-invalid:ring-destructive/40 aria-invalid:border-destructive"[39m
              [33mdata-slot[39m=[32m"input"[39m
              [33mid[39m=[32m"_r_99_-form-item"[39m
              [33mname[39m=[32m"degree"[39m
              [33mplaceholder[39m=[32m"Bachelor of Science"[39m
              [33mstyle[39m=[32m"transform: none;"[39m
              [33mvalue[39m=[32m"Degree"[39m
            [36m/>[39m
          [36m</div>[39m
          [36m<div[39m
            [33mclass[39m=[32m"space-y-2"[39m
          [36m>[39m
            [36m<label[39m
              [33mclass[39m=[32m"flex items-center gap-2 text-sm leading-none font-medium select-none group-data-[disabled=true]:pointer-events-none group-data-[disabled=true]:opacity-50 peer-disabled:cursor-not-allowed peer-disabled:opacity-50"[39m
              [33mdata-slot[39m=[32m"label"[39m
              [33mfor[39m=[32m"_r_9a_-form-item"[39m
            [36m>[39m
              [0mField of Study[0m
            [36m</label>[39m
            [36m<input[39m
              [33maria-describedby[39m=[32m"_r_9a_-form-item-description"[39m
              [33maria-invalid[39m=[32m"false"[39m
              [33mclass[39m=[32m"file:text-foreground placeholder:text-muted-for...
 ❯ src/components/features/resume/forms/__tests__/education-form-dialog.test.tsx:518:67
    516| 
    517|       await waitFor(() => {
    518|         expect(screen.queryByPlaceholderText(/dean's list/i)).not.toBe…
       |                                                                   ^
    519|       })
    520|     })
 ❯ runWithExpensiveErrorDiagnosticsDisabled node_modules/@testing-library/dom/dist/config.js:47:12
 ❯ checkCallback node_modules/@testing-library/dom/dist/wait-for.js:124:77
 ❯ Timeout.checkRealTimersCallback node_modules/@testing-library/dom/dist/wait-for.js:118:16

⎯⎯⎯⎯⎯⎯⎯⎯⎯⎯⎯⎯⎯⎯⎯⎯⎯⎯⎯⎯⎯⎯⎯⎯[6/7]⎯

 FAIL  src/components/features/resume/forms/__tests__/education-form-dialog.test.tsx > EducationFormDialog > GPA Field > accepts valid GPA format
AssertionError: expected "spy" to be called with arguments: [ ObjectContaining {"gpa": "3.8/4.0"} ]

Received: 



Number of calls: 0


Ignored nodes: comments, script, style
[36m<html>[39m
  [36m<head />[39m
  [36m<body[39m
    [33mdata-scroll-locked[39m=[32m"1"[39m
    [33mstyle[39m=[32m"pointer-events: none;"[39m
  [36m>[39m
    [36m<span[39m
      [33maria-hidden[39m=[32m"true"[39m
      [33mdata-aria-hidden[39m=[32m"true"[39m
      [33mdata-radix-focus-guard[39m=[32m""[39m
      [33mstyle[39m=[32m"outline: none; opacity: 0; position: fixed; pointer-events: none;"[39m
      [33mtabindex[39m=[32m"0"[39m
    [36m/>[39m
    [36m<div[39m
      [33maria-hidden[39m=[32m"true"[39m
      [33mdata-aria-hidden[39m=[32m"true"[39m
    [36m/>[39m
    [36m<div[39m
      [33maria-hidden[39m=[32m"true"[39m
      [33mclass[39m=[32m"fixed inset-0 z-50 bg-black/50"[39m
      [33mdata-aria-hidden[39m=[32m"true"[39m
      [33mdata-slot[39m=[32m"dialog-overlay"[39m
      [33mdata-state[39m=[32m"open"[39m
      [33mstyle[39m=[32m"pointer-events: auto; opacity: 1;"[39m
    [36m/>[39m
    [36m<div[39m
      [33maria-describedby[39m=[32m"radix-_r_c1_"[39m
      [33maria-labelledby[39m=[32m"radix-_r_c0_"[39m
      [33mclass[39m=[32m"fixed top-[50%] left-[50%] z-50 grid w-full max-w-lg translate-x-[-50%] translate-y-[-50%] gap-4 border bg-background p-6 shadow-lg sm:rounded-lg max-h-[90vh] overflow-y-auto sm:max-w-[600px]"[39m
      [33mdata-slot[39m=[32m"dialog-content"[39m
      [33mdata-state[39m=[32m"open"[39m
      [33mid[39m=[32m"radix-_r_bv_"[39m
      [33mrole[39m=[32m"dialog"[39m
      [33mstyle[39m=[32m"opacity: 1; transform: none; pointer-events: auto;"[39m
      [33mtabindex[39m=[32m"-1"[39m
    [36m>[39m
      [36m<div[39m
        [33mclass[39m=[32m"flex flex-col gap-2 text-center sm:text-left"[39m
        [33mdata-slot[39m=[32m"dialog-header"[39m
      [36m>[39m
        [36m<h2[39m
          [33mclass[39m=[32m"text-lg leading-none font-semibold"[39m
          [33mdata-slot[39m=[32m"dialog-title"[39m
          [33mid[39m=[32m"radix-_r_c0_"[39m
        [36m>[39m
          [0mAdd Education[0m
        [36m</h2>[39m
        [36m<p[39m
          [33mclass[39m=[32m"text-muted-foreground text-sm"[39m
          [33mdata-slot[39m=[32m"dialog-description"[39m
          [33mid[39m=[32m"radix-_r_c1_"[39m
        [36m>[39m
          [0mAdd your education details.[0m
        [36m</p>[39m
      [36m</div>[39m
      [36m<form[39m
        [33mclass[39m=[32m"space-y-4"[39m
      [36m>[39m
        [36m<div[39m
          [33mclass[39m=[32m"space-y-2"[39m
        [36m>[39m
          [36m<label[39m
            [33mclass[39m=[32m"flex items-center gap-2 text-sm leading-none font-medium select-none group-data-[disabled=true]:pointer-events-none group-data-[disabled=true]:opacity-50 peer-disabled:cursor-not-allowed peer-disabled:opacity-50"[39m
            [33mdata-slot[39m=[32m"label"[39m
            [33mfor[39m=[32m"_r_c2_-form-item"[39m
          [36m>[39m
            [0mInstitution[0m
          [36m</label>[39m
          [36m<input[39m
            [33maria-describedby[39m=[32m"_r_c2_-form-item-description"[39m
            [33maria-invalid[39m=[32m"false"[39m
            [33mclass[39m=[32m"file:text-foreground placeholder:text-muted-foreground selection:bg-primary selection:text-primary-foreground dark:bg-input/30 border-input flex h-9 w-full min-w-0 rounded-md border bg-transparent px-3 py-1 text-base shadow-xs transition-[color,box-shadow] outline-none file:inline-flex file:h-7 file:border-0 file:bg-transparent file:text-sm file:font-medium disabled:pointer-events-none disabled:cursor-not-allowed disabled:opacity-50 md:text-sm focus-visible:border-ring focus-visible:ring-ring/50 focus-visible:ring-[3px] aria-invalid:ring-destructive/20 dark:aria-invalid:ring-destructive/40 aria-invalid:border-destructive"[39m
            [33mdata-slot[39m=[32m"input"[39m
            [33mid[39m=[32m"_r_c2_-form-item"[39m
            [33mname[39m=[32m"institution"[39m
            [33mplaceholder[39m=[32m"University of Example"[39m
            [33mstyle[39m=[32m"transform: none;"[39m
            [33mvalue[39m=[32m"Test U"[39m
          [36m/>[39m
        [36m</div>[39m
        [36m<div[39m
          [33mclass[39m=[32m"grid grid-cols-2 gap-4"[39m
        [36m>[39m
          [36m<div[39m
            [33mclass[39m=[32m"space-y-2"[39m
          [36m>[39m
            [36m<label[39m
              [33mclass[39m=[32m"flex items-center gap-2 text-sm leading-none font-medium select-none group-data-[disabled=true]:pointer-events-none group-data-[disabled=true]:opacity-50 peer-disabled:cursor-not-allowed peer-disabled:opacity-50"[39m
              [33mdata-slot[39m=[32m"label"[39m
              [33mfor[39m=[32m"_r_c3_-form-item"[39m
            [36m>[39m
              [0mDegree[0m
            [36m</label>[39m
            [36m<input[39m
              [33maria-describedby[39m=[32m"_r_c3_-form-item-description"[39m
              [33maria-invalid[39m=[32m"false"[39m
              [33mclass[39m=[32m"file:text-foreground placeholder:text-muted-foreground selection:bg-primary selection:text-primary-foreground dark:bg-input/30 border-input flex h-9 w-full min-w-0 rounded-md border bg-transparent px-3 py-1 text-base shadow-xs transition-[color,box-shadow] outline-none file:inline-flex file:h-7 file:border-0 file:bg-transparent file:text-sm file:font-medium disabled:pointer-events-none disabled:cursor-not-allowed disabled:opacity-50 md:text-sm focus-visible:border-ring focus-visible:ring-ring/50 focus-visible:ring-[3px] aria-invalid:ring-destructive/20 dark:aria-invalid:ring-destructive/40 aria-invalid:border-destructive"[39m
              [33mdata-slot[39m=[32m"input"[39m
              [33mid[39m=[32m"_r_c3_-form-item"[39m
              [33mname[39m=[32m"degree"[39m
              [33mplaceholder[39m=[32m"Bachelor of Science"[39m
              [33mstyle[39m=[32m"transform: none;"[39m
              [33mvalue[39m=[32m"BS"[39m
            [36m/>[39m
          [36m</div>[39m
          [36m<div[39m
            [33mclass[39m=[32m"space-y-2"[39m
          [36m>[39m
            [36m<label[39m
              [33mclass[39m=[32m"flex items-center gap-2 text-sm leading-none font-medium select-none group-data-[disabled=true]:pointer-events-none group-data-[disabled=true]:opacity-50 peer-disabled:cursor-not-allowed peer-disabled:opacity-50"[39m
              [33mdata-slot[39m=[32m"label"[39m
              [33mfor[39m=[32m"_r_c4_-form-item"[39m
            [36m>[39m
              [0mField of Study[0m
            [36m</label>[39m
            [36m<input[39m
              [33maria-describedby[39m=[32m"_r_c4_-form-item-description"[39m
              [33maria-invalid[39m=[32m"false"[39m
              [33mclass[39m=[32m"file:text-foreground placeholder:text-muted-foreg...
 ❯ src/components/features/resume/forms/__tests__/education-form-dialog.test.tsx:677:26
    675| 
    676|       await waitFor(() => {
    677|         expect(onSubmit).toHaveBeenCalledWith(
       |                          ^
    678|           expect.objectContaining({
    679|             gpa: "3.8/4.0",
 ❯ runWithExpensiveErrorDiagnosticsDisabled node_modules/@testing-library/dom/dist/config.js:47:12
 ❯ checkCallback node_modules/@testing-library/dom/dist/wait-for.js:124:77
 ❯ Timeout.checkRealTimersCallback node_modules/@testing-library/dom/dist/wait-for.js:118:16

⎯⎯⎯⎯⎯⎯⎯⎯⎯⎯⎯⎯⎯⎯⎯⎯⎯⎯⎯⎯⎯⎯⎯⎯[7/7]⎯

 Test Files  1 failed | 42 passed (43)
      Tests  7 failed | 658 passed (665)
   Start at  22:41:01
   Duration  31.06s (transform 5.00s, setup 13.45s, collect 45.30s, tests 52.58s, environment 102.85s, prepare 25.24s)

error: script "test" exited with code 1
